2026-03-23 10:02:00,027 - BenchmarkManager - INFO - Initializing 4 compilers...
2026-03-23 10:02:00,027 - BenchmarkManager - INFO - Output directory for weaver: results/circuits/weaver
2026-03-23 10:02:00,028 - BenchmarkManager - INFO - Output directory for enola: results/circuits/enola
2026-03-23 10:02:00,029 - BenchmarkManager - INFO - Output directory for zac: results/circuits/zac
2026-03-23 10:02:00,030 - BenchmarkManager - INFO - Output directory for nalac: results/circuits/nalac
2026-03-23 10:02:00,031 - BenchmarkManager - INFO - Starting benchmark execution ...
2026-03-23 10:02:00,034 - BenchmarkManager - INFO - Found 5 CNF benchmark circuits in '/u/halle/heiz/home_at/BachelorProject/benchmarks/uf_50-250_fix25'
2026-03-23 10:02:00,034 - BenchmarkManager - INFO -   - /u/halle/heiz/home_at/BachelorProject/benchmarks/uf_50-250_fix25/uf100-025.cnf
2026-03-23 10:02:00,035 - BenchmarkManager - INFO -   - /u/halle/heiz/home_at/BachelorProject/benchmarks/uf_50-250_fix25/uf150-025.cnf
2026-03-23 10:02:00,036 - BenchmarkManager - INFO -   - /u/halle/heiz/home_at/BachelorProject/benchmarks/uf_50-250_fix25/uf200-025.cnf
2026-03-23 10:02:00,037 - BenchmarkManager - INFO -   - /u/halle/heiz/home_at/BachelorProject/benchmarks/uf_50-250_fix25/uf250-025.cnf
2026-03-23 10:02:00,038 - BenchmarkManager - INFO -   - /u/halle/heiz/home_at/BachelorProject/benchmarks/uf_50-250_fix25/uf50-025.cnf
2026-03-23 10:02:00,040 - BenchmarkManager - INFO - weaver (run 1/1) - Running /u/halle/heiz/home_at/BachelorProject/benchmarks/uf_50-250_fix25/uf100-025.cnf
2026-03-23 10:02:02,181 - Compiler.weaver - INFO - STDOUT:
num_colors: 24, num_slm_rows: 50, num_slm_cols: 1490, num_aod_rows: 1, num_aod_cols: 100
Compilation successful.

2026-03-23 10:02:02,389 - BenchmarkManager - INFO - weaver (run 1/1) - Running /u/halle/heiz/home_at/BachelorProject/benchmarks/uf_50-250_fix25/uf150-025.cnf
2026-03-23 10:02:05,901 - Compiler.weaver - INFO - STDOUT:
num_colors: 25, num_slm_rows: 52, num_slm_cols: 2235, num_aod_rows: 1, num_aod_cols: 150
Compilation successful.

2026-03-23 10:02:06,147 - BenchmarkManager - INFO - weaver (run 1/1) - Running /u/halle/heiz/home_at/BachelorProject/benchmarks/uf_50-250_fix25/uf200-025.cnf
2026-03-23 10:02:10,754 - Compiler.weaver - INFO - STDOUT:
num_colors: 26, num_slm_rows: 54, num_slm_cols: 2980, num_aod_rows: 1, num_aod_cols: 200
Compilation successful.

2026-03-23 10:02:11,120 - BenchmarkManager - INFO - weaver (run 1/1) - Running /u/halle/heiz/home_at/BachelorProject/benchmarks/uf_50-250_fix25/uf250-025.cnf
