2026-03-25 13:18:18,212 - BenchmarkManager - INFO - Initializing 1 compilers...
2026-03-25 13:18:18,213 - BenchmarkManager - INFO - Output directory for zac: results/circuits/zac
2026-03-25 13:18:18,213 - BenchmarkManager - INFO - Starting benchmark execution ...
2026-03-25 13:18:18,215 - BenchmarkManager - INFO - Found 5 QASM benchmark circuits in '/u/halle/heiz/home_at/BachelorProject/benchmarks/uf_50-250_fix10'
2026-03-25 13:18:18,216 - BenchmarkManager - INFO -   - /u/halle/heiz/home_at/BachelorProject/benchmarks/uf_50-250_fix10/uf100-010.qasm
2026-03-25 13:18:18,217 - BenchmarkManager - INFO -   - /u/halle/heiz/home_at/BachelorProject/benchmarks/uf_50-250_fix10/uf150-010.qasm
2026-03-25 13:18:18,218 - BenchmarkManager - INFO -   - /u/halle/heiz/home_at/BachelorProject/benchmarks/uf_50-250_fix10/uf200-010.qasm
2026-03-25 13:18:18,218 - BenchmarkManager - INFO -   - /u/halle/heiz/home_at/BachelorProject/benchmarks/uf_50-250_fix10/uf250-010.qasm
2026-03-25 13:18:18,219 - BenchmarkManager - INFO -   - /u/halle/heiz/home_at/BachelorProject/benchmarks/uf_50-250_fix10/uf50-010.qasm
2026-03-25 13:18:18,220 - BenchmarkManager - INFO - zac (run 1/1) - Running /u/halle/heiz/home_at/BachelorProject/benchmarks/uf_50-250_fix10/uf100-010.qasm
2026-03-25 13:18:18,221 - Compiler.zac - INFO - Array width: 1490, Array height: 48, AOD columns: 100, AOD rows: 1
2026-03-25 13:18:22,827 - Compiler.zac - INFO - STDOUT:
Compilation successful.

2026-03-25 13:18:22,964 - BenchmarkManager - INFO - zac (run 1/1) - Running /u/halle/heiz/home_at/BachelorProject/benchmarks/uf_50-250_fix10/uf150-010.qasm
2026-03-25 13:18:22,965 - Compiler.zac - INFO - Array width: 2235, Array height: 50, AOD columns: 100, AOD rows: 1
2026-03-25 13:18:31,802 - Compiler.zac - INFO - STDOUT:
Compilation successful.

2026-03-25 13:18:32,014 - BenchmarkManager - INFO - zac (run 1/1) - Running /u/halle/heiz/home_at/BachelorProject/benchmarks/uf_50-250_fix10/uf200-010.qasm
2026-03-25 13:18:32,014 - Compiler.zac - INFO - Array width: 2980, Array height: 50, AOD columns: 100, AOD rows: 1
2026-03-25 13:18:39,908 - Compiler.zac - INFO - STDOUT:
Compilation successful.

2026-03-25 13:18:40,056 - BenchmarkManager - INFO - zac (run 1/1) - Running /u/halle/heiz/home_at/BachelorProject/benchmarks/uf_50-250_fix10/uf250-010.qasm
2026-03-25 13:18:40,057 - Compiler.zac - INFO - Array width: 3695, Array height: 48, AOD columns: 100, AOD rows: 1
2026-03-25 13:18:51,278 - Compiler.zac - INFO - STDOUT:
Compilation successful.

2026-03-25 13:18:51,468 - BenchmarkManager - INFO - zac (run 1/1) - Running /u/halle/heiz/home_at/BachelorProject/benchmarks/uf_50-250_fix10/uf50-010.qasm
2026-03-25 13:18:51,468 - Compiler.zac - INFO - Array width: 754, Array height: 46, AOD columns: 100, AOD rows: 1
2026-03-25 13:18:52,447 - Compiler.zac - INFO - STDOUT:
Compilation successful.

2026-03-25 13:18:52,482 - BenchmarkManager - INFO - Wrote metrics summary for zac: results/metrics/20260325_131818_arch/zac.json
