2026-03-25 12:57:57,833 - BenchmarkManager - INFO - Initializing 1 compilers...
2026-03-25 12:57:57,833 - BenchmarkManager - INFO - Output directory for weaver: results/circuits/weaver
2026-03-25 12:57:57,834 - BenchmarkManager - INFO - Starting benchmark execution ...
2026-03-25 12:57:57,836 - BenchmarkManager - INFO - Found 5 CNF benchmark circuits in '/u/halle/heiz/home_at/BachelorProject/benchmarks/uf_50-250_fix10'
2026-03-25 12:57:57,836 - BenchmarkManager - INFO -   - /u/halle/heiz/home_at/BachelorProject/benchmarks/uf_50-250_fix10/uf100-010.cnf
2026-03-25 12:57:57,836 - BenchmarkManager - INFO -   - /u/halle/heiz/home_at/BachelorProject/benchmarks/uf_50-250_fix10/uf150-010.cnf
2026-03-25 12:57:57,837 - BenchmarkManager - INFO -   - /u/halle/heiz/home_at/BachelorProject/benchmarks/uf_50-250_fix10/uf200-010.cnf
2026-03-25 12:57:57,837 - BenchmarkManager - INFO -   - /u/halle/heiz/home_at/BachelorProject/benchmarks/uf_50-250_fix10/uf250-010.cnf
2026-03-25 12:57:57,838 - BenchmarkManager - INFO -   - /u/halle/heiz/home_at/BachelorProject/benchmarks/uf_50-250_fix10/uf50-010.cnf
2026-03-25 12:57:57,838 - BenchmarkManager - INFO - weaver (run 1/1) - Running /u/halle/heiz/home_at/BachelorProject/benchmarks/uf_50-250_fix10/uf100-010.cnf
2026-03-25 12:57:59,673 - Compiler.weaver - INFO - STDOUT:
num_colors: 23, num_slm_rows: 48, num_slm_cols: 1490, num_aod_rows: 1, num_aod_cols: 100
Compilation successful.

2026-03-25 12:57:59,797 - BenchmarkManager - INFO - weaver (run 1/1) - Running /u/halle/heiz/home_at/BachelorProject/benchmarks/uf_50-250_fix10/uf150-010.cnf
2026-03-25 12:58:02,220 - Compiler.weaver - INFO - STDOUT:
num_colors: 24, num_slm_rows: 50, num_slm_cols: 2235, num_aod_rows: 1, num_aod_cols: 150
Compilation successful.

2026-03-25 12:58:02,446 - BenchmarkManager - INFO - weaver (run 1/1) - Running /u/halle/heiz/home_at/BachelorProject/benchmarks/uf_50-250_fix10/uf200-010.cnf
2026-03-25 12:58:06,347 - Compiler.weaver - INFO - STDOUT:
num_colors: 24, num_slm_rows: 50, num_slm_cols: 2980, num_aod_rows: 1, num_aod_cols: 200
Compilation successful.

2026-03-25 12:58:06,692 - BenchmarkManager - INFO - weaver (run 1/1) - Running /u/halle/heiz/home_at/BachelorProject/benchmarks/uf_50-250_fix10/uf250-010.cnf
2026-03-25 12:58:12,147 - Compiler.weaver - INFO - STDOUT:
num_colors: 23, num_slm_rows: 48, num_slm_cols: 3695, num_aod_rows: 1, num_aod_cols: 250
Compilation successful.

2026-03-25 12:58:12,627 - BenchmarkManager - INFO - weaver (run 1/1) - Running /u/halle/heiz/home_at/BachelorProject/benchmarks/uf_50-250_fix10/uf50-010.cnf
2026-03-25 12:58:13,508 - Compiler.weaver - INFO - STDOUT:
num_colors: 22, num_slm_rows: 46, num_slm_cols: 754, num_aod_rows: 1, num_aod_cols: 50
Compilation successful.

2026-03-25 12:58:13,561 - BenchmarkManager - INFO - Wrote metrics summary for weaver: results/metrics/20260325_125757_arch/weaver.json
