2026-03-25 13:29:47,981 - BenchmarkManager - INFO - Initializing 1 compilers...
2026-03-25 13:29:47,982 - BenchmarkManager - INFO - Output directory for zac: results/circuits/zac
2026-03-25 13:29:47,983 - BenchmarkManager - INFO - Starting benchmark execution ...
2026-03-25 13:29:47,983 - BenchmarkManager - INFO - Found 5 QASM benchmark circuits in '/u/halle/heiz/home_at/BachelorProject/benchmarks/uf_50-250_fix10'
2026-03-25 13:29:47,984 - BenchmarkManager - INFO -   - /u/halle/heiz/home_at/BachelorProject/benchmarks/uf_50-250_fix10/uf100-010.qasm
2026-03-25 13:29:47,985 - BenchmarkManager - INFO -   - /u/halle/heiz/home_at/BachelorProject/benchmarks/uf_50-250_fix10/uf150-010.qasm
2026-03-25 13:29:47,985 - BenchmarkManager - INFO -   - /u/halle/heiz/home_at/BachelorProject/benchmarks/uf_50-250_fix10/uf200-010.qasm
2026-03-25 13:29:47,986 - BenchmarkManager - INFO -   - /u/halle/heiz/home_at/BachelorProject/benchmarks/uf_50-250_fix10/uf250-010.qasm
2026-03-25 13:29:47,987 - BenchmarkManager - INFO -   - /u/halle/heiz/home_at/BachelorProject/benchmarks/uf_50-250_fix10/uf50-010.qasm
2026-03-25 13:29:47,988 - BenchmarkManager - INFO - zac (run 1/1) - Running /u/halle/heiz/home_at/BachelorProject/benchmarks/uf_50-250_fix10/uf100-010.qasm
2026-03-25 13:29:52,573 - Compiler.zac - INFO - STDOUT:
Compilation successful.

2026-03-25 13:29:52,713 - BenchmarkManager - INFO - zac (run 1/1) - Running /u/halle/heiz/home_at/BachelorProject/benchmarks/uf_50-250_fix10/uf150-010.qasm
2026-03-25 13:30:01,488 - Compiler.zac - INFO - STDOUT:
Compilation successful.

2026-03-25 13:30:01,704 - BenchmarkManager - INFO - zac (run 1/1) - Running /u/halle/heiz/home_at/BachelorProject/benchmarks/uf_50-250_fix10/uf200-010.qasm
2026-03-25 13:30:09,517 - Compiler.zac - INFO - STDOUT:
Compilation successful.

2026-03-25 13:30:09,668 - BenchmarkManager - INFO - zac (run 1/1) - Running /u/halle/heiz/home_at/BachelorProject/benchmarks/uf_50-250_fix10/uf250-010.qasm
2026-03-25 13:30:20,905 - Compiler.zac - INFO - STDOUT:
Compilation successful.

2026-03-25 13:30:21,098 - BenchmarkManager - INFO - zac (run 1/1) - Running /u/halle/heiz/home_at/BachelorProject/benchmarks/uf_50-250_fix10/uf50-010.qasm
2026-03-25 13:30:22,121 - Compiler.zac - INFO - STDOUT:
Compilation successful.

2026-03-25 13:30:22,156 - BenchmarkManager - INFO - Wrote metrics summary for zac: results/metrics/20260325_132947_arch/zac.json
