2026-03-25 19:45:22,162 - BenchmarkManager - INFO - Initializing 3 compilers...
2026-03-25 19:45:22,163 - BenchmarkManager - INFO - Output directory for zac: results/circuits/zac
2026-03-25 19:45:22,163 - BenchmarkManager - INFO - Output directory for nalac: results/circuits/nalac
2026-03-25 19:45:22,165 - BenchmarkManager - INFO - Output directory for enola: results/circuits/enola
2026-03-25 19:45:22,166 - BenchmarkManager - INFO - Starting benchmark execution ...
2026-03-25 19:45:22,168 - BenchmarkManager - INFO - Found 1 QASM benchmark circuits in '/u/halle/heiz/home_at/BachelorProject/benchmarks/test'
2026-03-25 19:45:22,168 - BenchmarkManager - INFO -   - /u/halle/heiz/home_at/BachelorProject/benchmarks/test/uf50-020.qasm
2026-03-25 19:45:22,169 - BenchmarkManager - INFO - zac (run 1/1) - Running /u/halle/heiz/home_at/BachelorProject/benchmarks/test/uf50-020.qasm
2026-03-25 19:45:23,008 - Compiler.zac - INFO - STDOUT:
Compilation successful.

2026-03-25 19:45:23,054 - BenchmarkManager - INFO - Wrote metrics summary for zac: results/metrics/20260325_194522_arch/zac.json
2026-03-25 19:45:23,055 - BenchmarkManager - INFO - Found 1 QASM benchmark circuits in '/u/halle/heiz/home_at/BachelorProject/benchmarks/test'
2026-03-25 19:45:23,055 - BenchmarkManager - INFO -   - /u/halle/heiz/home_at/BachelorProject/benchmarks/test/uf50-020.qasm
2026-03-25 19:45:23,055 - BenchmarkManager - INFO - nalac (run 1/1) - Running /u/halle/heiz/home_at/BachelorProject/benchmarks/test/uf50-020.qasm
2026-03-25 19:45:23,765 - Compiler.nalac - INFO - STDOUT:
Compilation successful.

2026-03-25 19:45:23,796 - BenchmarkManager - INFO - Wrote metrics summary for nalac: results/metrics/20260325_194522_arch/nalac.json
2026-03-25 19:45:23,797 - BenchmarkManager - INFO - Found 1 QASM benchmark circuits in '/u/halle/heiz/home_at/BachelorProject/benchmarks/test'
2026-03-25 19:45:23,797 - BenchmarkManager - INFO -   - /u/halle/heiz/home_at/BachelorProject/benchmarks/test/uf50-020.qasm
2026-03-25 19:45:23,799 - BenchmarkManager - INFO - enola (run 1/1) - Running /u/halle/heiz/home_at/BachelorProject/benchmarks/test/uf50-020.qasm
2026-03-25 19:45:25,820 - Compiler.enola - INFO - STDOUT:
[INFO] Enola: Start Solving
[INFO] Enola: Run scheduling
[INFO] Enola: Time for scheduling: 0.000637054443359375s
16
[INFO] Enola: Time for placement: 9.298324584960938e-06s
[INFO] Enola: Solve for Rydberg stage 2/756.
[INFO] Enola: Solve for Rydberg stage 3/756.
[INFO] Enola: Solve for Rydberg stage 4/756.
[INFO] Enola: Solve for Rydberg stage 5/756.
[INFO] Enola: Solve for Rydberg stage 6/756.
[INFO] Enola: Solve for Rydberg stage 7/756.
[INFO] Enola: Solve for Rydberg stage 8/756.
[INFO] Enola: Solve for Rydberg stage 9/756.
[INFO] Enola: Solve for Rydberg stage 10/756.
[INFO] Enola: Solve for Rydberg stage 11/756.
[INFO] Enola: Solve for Rydberg stage 12/756.
[INFO] Enola: Solve for Rydberg stage 13/756.
[INFO] Enola: Solve for Rydberg stage 14/756.
[INFO] Enola: Solve for Rydberg stage 15/756.
[INFO] Enola: Solve for Rydberg stage 16/756.
[INFO] Enola: Solve for Rydberg stage 17/756.
[INFO] Enola: Solve for Rydberg stage 18/756.
[INFO] Enola: Solve for Rydberg stage 19/756.
[INFO] Enola: Solve for Rydberg stage 20/756.
[INFO] Enola: Solve for Rydberg stage 21/756.
[INFO] Enola: Solve for Rydberg stage 22/756.
[INFO] Enola: Solve for Rydberg stage 23/756.
[INFO] Enola: Solve for Rydberg stage 24/756.
[INFO] Enola: Solve for Rydberg stage 25/756.
[INFO] Enola: Solve for Rydberg stage 26/756.
[INFO] Enola: Solve for Rydberg stage 27/756.
[INFO] Enola: Solve for Rydberg stage 28/756.
[INFO] Enola: Solve for Rydberg stage 29/756.
[INFO] Enola: Solve for Rydberg stage 30/756.
[INFO] Enola: Solve for Rydberg stage 31/756.
[INFO] Enola: Solve for Rydberg stage 32/756.
[INFO] Enola: Solve for Rydberg stage 33/756.
[INFO] Enola: Solve for Rydberg stage 34/756.
[INFO] Enola: Solve for Rydberg stage 35/756.
[INFO] Enola: Solve for Rydberg stage 36/756.
[INFO] Enola: Solve for Rydberg stage 37/756.
[INFO] Enola: Solve for Rydberg stage 38/756.
[INFO] Enola: Solve for Rydberg stage 39/756.
[INFO] Enola: Solve for Rydberg stage 40/756.
[INFO] Enola: Solve for Rydberg stage 41/756.
[INFO] Enola: Solve for Rydberg stage 42/756.
[INFO] Enola: Solve for Rydberg stage 43/756.
[INFO] Enola: Solve for Rydberg stage 44/756.
[INFO] Enola: Solve for Rydberg stage 45/756.
[INFO] Enola: Solve for Rydberg stage 46/756.
[INFO] Enola: Solve for Rydberg stage 47/756.
[INFO] Enola: Solve for Rydberg stage 48/756.
[INFO] Enola: Solve for Rydberg stage 49/756.
[INFO] Enola: Solve for Rydberg stage 50/756.
[INFO] Enola: Solve for Rydberg stage 51/756.
[INFO] Enola: Solve for Rydberg stage 52/756.
[INFO] Enola: Solve for Rydberg stage 53/756.
[INFO] Enola: Solve for Rydberg stage 54/756.
[INFO] Enola: Solve for Rydberg stage 55/756.
[INFO] Enola: Solve for Rydberg stage 56/756.
[INFO] Enola: Solve for Rydberg stage 57/756.
[INFO] Enola: Solve for Rydberg stage 58/756.
[INFO] Enola: Solve for Rydberg stage 59/756.
[INFO] Enola: Solve for Rydberg stage 60/756.
[INFO] Enola: Solve for Rydberg stage 61/756.
[INFO] Enola: Solve for Rydberg stage 62/756.
[INFO] Enola: Solve for Rydberg stage 63/756.
[INFO] Enola: Solve for Rydberg stage 64/756.
[INFO] Enola: Solve for Rydberg stage 65/756.
[INFO] Enola: Solve for Rydberg stage 66/756.
[INFO] Enola: Solve for Rydberg stage 67/756.
[INFO] Enola: Solve for Rydberg stage 68/756.
[INFO] Enola: Solve for Rydberg stage 69/756.
[INFO] Enola: Solve for Rydberg stage 70/756.
[INFO] Enola: Solve for Rydberg stage 71/756.
[INFO] Enola: Solve for Rydberg stage 72/756.
[INFO] Enola: Solve for Rydberg stage 73/756.
[INFO] Enola: Solve for Rydberg stage 74/756.
[INFO] Enola: Solve for Rydberg stage 75/756.
[INFO] Enola: Solve for Rydberg stage 76/756.
[INFO] Enola: Solve for Rydberg stage 77/756.
[INFO] Enola: Solve for Rydberg stage 78/756.
[INFO] Enola: Solve for Rydberg stage 79/756.
[INFO] Enola: Solve for Rydberg stage 80/756.
[INFO] Enola: Solve for Rydberg stage 81/756.
[INFO] Enola: Solve for Rydberg stage 82/756.
[INFO] Enola: Solve for Rydberg stage 83/756.
[INFO] Enola: Solve for Rydberg stage 84/756.
[INFO] Enola: Solve for Rydberg stage 85/756.
[INFO] Enola: Solve for Rydberg stage 86/756.
[INFO] Enola: Solve for Rydberg stage 87/756.
[INFO] Enola: Solve for Rydberg stage 88/756.
[INFO] Enola: Solve for Rydberg stage 89/756.
[INFO] Enola: Solve for Rydberg stage 90/756.
[INFO] Enola: Solve for Rydberg stage 91/756.
[INFO] Enola: Solve for Rydberg stage 92/756.
[INFO] Enola: Solve for Rydberg stage 93/756.
[INFO] Enola: Solve for Rydberg stage 94/756.
[INFO] Enola: Solve for Rydberg stage 95/756.
[INFO] Enola: Solve for Rydberg stage 96/756.
[INFO] Enola: Solve for Rydberg stage 97/756.
[INFO] Enola: Solve for Rydberg stage 98/756.
[INFO] Enola: Solve for Rydberg stage 99/756.
[INFO] Enola: Solve for Rydberg stage 100/756.
[INFO] Enola: Solve for Rydberg stage 101/756.
[INFO] Enola: Solve for Rydberg stage 102/756.
[INFO] Enola: Solve for Rydberg stage 103/756.
[INFO] Enola: Solve for Rydberg stage 104/756.
[INFO] Enola: Solve for Rydberg stage 105/756.
[INFO] Enola: Solve for Rydberg stage 106/756.
[INFO] Enola: Solve for Rydberg stage 107/756.
[INFO] Enola: Solve for Rydberg stage 108/756.
[INFO] Enola: Solve for Rydberg stage 109/756.
[INFO] Enola: Solve for Rydberg stage 110/756.
[INFO] Enola: Solve for Rydberg stage 111/756.
[INFO] Enola: Solve for Rydberg stage 112/756.
[INFO] Enola: Solve for Rydberg stage 113/756.
[INFO] Enola: Solve for Rydberg stage 114/756.
[INFO] Enola: Solve for Rydberg stage 115/756.
[INFO] Enola: Solve for Rydberg stage 116/756.
[INFO] Enola: Solve for Rydberg stage 117/756.
[INFO] Enola: Solve for Rydberg stage 118/756.
[INFO] Enola: Solve for Rydberg stage 119/756.
[INFO] Enola: Solve for Rydberg stage 120/756.
[INFO] Enola: Solve for Rydberg stage 121/756.
[INFO] Enola: Solve for Rydberg stage 122/756.
[INFO] Enola: Solve for Rydberg stage 123/756.
[INFO] Enola: Solve for Rydberg stage 124/756.
[INFO] Enola: Solve for Rydberg stage 125/756.
[INFO] Enola: Solve for Rydberg stage 126/756.
[INFO] Enola: Solve for Rydberg stage 127/756.
[INFO] Enola: Solve for Rydberg stage 128/756.
[INFO] Enola: Solve for Rydberg stage 129/756.
[INFO] Enola: Solve for Rydberg stage 130/756.
[INFO] Enola: Solve for Rydberg stage 131/756.
[INFO] Enola: Solve for Rydberg stage 132/756.
[INFO] Enola: Solve for Rydberg stage 133/756.
[INFO] Enola: Solve for Rydberg stage 134/756.
[INFO] Enola: Solve for Rydberg stage 135/756.
[INFO] Enola: Solve for Rydberg stage 136/756.
[INFO] Enola: Solve for Rydberg stage 137/756.
[INFO] Enola: Solve for Rydberg stage 138/756.
[INFO] Enola: Solve for Rydberg stage 139/756.
[INFO] Enola: Solve for Rydberg stage 140/756.
[INFO] Enola: Solve for Rydberg stage 141/756.
[INFO] Enola: Solve for Rydberg stage 142/756.
[INFO] Enola: Solve for Rydberg stage 143/756.
[INFO] Enola: Solve for Rydberg stage 144/756.
[INFO] Enola: Solve for Rydberg stage 145/756.
[INFO] Enola: Solve for Rydberg stage 146/756.
[INFO] Enola: Solve for Rydberg stage 147/756.
[INFO] Enola: Solve for Rydberg stage 148/756.
[INFO] Enola: Solve for Rydberg stage 149/756.
[INFO] Enola: Solve for Rydberg stage 150/756.
[INFO] Enola: Solve for Rydberg stage 151/756.
[INFO] Enola: Solve for Rydberg stage 152/756.
[INFO] Enola: Solve for Rydberg stage 153/756.
[INFO] Enola: Solve for Rydberg stage 154/756.
[INFO] Enola: Solve for Rydberg stage 155/756.
[INFO] Enola: Solve for Rydberg stage 156/756.
[INFO] Enola: Solve for Rydberg stage 157/756.
[INFO] Enola: Solve for Rydberg stage 158/756.
[INFO] Enola: Solve for Rydberg stage 159/756.
[INFO] Enola: Solve for Rydberg stage 160/756.
[INFO] Enola: Solve for Rydberg stage 161/756.
[INFO] Enola: Solve for Rydberg stage 162/756.
[INFO] Enola: Solve for Rydberg stage 163/756.
[INFO] Enola: Solve for Rydberg stage 164/756.
[INFO] Enola: Solve for Rydberg stage 165/756.
[INFO] Enola: Solve for Rydberg stage 166/756.
[INFO] Enola: Solve for Rydberg stage 167/756.
[INFO] Enola: Solve for Rydberg stage 168/756.
[INFO] Enola: Solve for Rydberg stage 169/756.
[INFO] Enola: Solve for Rydberg stage 170/756.
[INFO] Enola: Solve for Rydberg stage 171/756.
[INFO] Enola: Solve for Rydberg stage 172/756.
[INFO] Enola: Solve for Rydberg stage 173/756.
[INFO] Enola: Solve for Rydberg stage 174/756.
[INFO] Enola: Solve for Rydberg stage 175/756.
[INFO] Enola: Solve for Rydberg stage 176/756.
[INFO] Enola: Solve for Rydberg stage 177/756.
[INFO] Enola: Solve for Rydberg stage 178/756.
[INFO] Enola: Solve for Rydberg stage 179/756.
[INFO] Enola: Solve for Rydberg stage 180/756.
[INFO] Enola: Solve for Rydberg stage 181/756.
[INFO] Enola: Solve for Rydberg stage 182/756.
[INFO] Enola: Solve for Rydberg stage 183/756.
[INFO] Enola: Solve for Rydberg stage 184/756.
[INFO] Enola: Solve for Rydberg stage 185/756.
[INFO] Enola: Solve for Rydberg stage 186/756.
[INFO] Enola: Solve for Rydberg stage 187/756.
[INFO] Enola: Solve for Rydberg stage 188/756.
[INFO] Enola: Solve for Rydberg stage 189/756.
[INFO] Enola: Solve for Rydberg stage 190/756.
[INFO] Enola: Solve for Rydberg stage 191/756.
[INFO] Enola: Solve for Rydberg stage 192/756.
[INFO] Enola: Solve for Rydberg stage 193/756.
[INFO] Enola: Solve for Rydberg stage 194/756.
[INFO] Enola: Solve for Rydberg stage 195/756.
[INFO] Enola: Solve for Rydberg stage 196/756.
[INFO] Enola: Solve for Rydberg stage 197/756.
[INFO] Enola: Solve for Rydberg stage 198/756.
[INFO] Enola: Solve for Rydberg stage 199/756.
[INFO] Enola: Solve for Rydberg stage 200/756.
[INFO] Enola: Solve for Rydberg stage 201/756.
[INFO] Enola: Solve for Rydberg stage 202/756.
[INFO] Enola: Solve for Rydberg stage 203/756.
[INFO] Enola: Solve for Rydberg stage 204/756.
[INFO] Enola: Solve for Rydberg stage 205/756.
[INFO] Enola: Solve for Rydberg stage 206/756.
[INFO] Enola: Solve for Rydberg stage 207/756.
[INFO] Enola: Solve for Rydberg stage 208/756.
[INFO] Enola: Solve for Rydberg stage 209/756.
[INFO] Enola: Solve for Rydberg stage 210/756.
[INFO] Enola: Solve for Rydberg stage 211/756.
[INFO] Enola: Solve for Rydberg stage 212/756.
[INFO] Enola: Solve for Rydberg stage 213/756.
[INFO] Enola: Solve for Rydberg stage 214/756.
[INFO] Enola: Solve for Rydberg stage 215/756.
[INFO] Enola: Solve for Rydberg stage 216/756.
[INFO] Enola: Solve for Rydberg stage 217/756.
[INFO] Enola: Solve for Rydberg stage 218/756.
[INFO] Enola: Solve for Rydberg stage 219/756.
[INFO] Enola: Solve for Rydberg stage 220/756.
[INFO] Enola: Solve for Rydberg stage 221/756.
[INFO] Enola: Solve for Rydberg stage 222/756.
[INFO] Enola: Solve for Rydberg stage 223/756.
[INFO] Enola: Solve for Rydberg stage 224/756.
[INFO] Enola: Solve for Rydberg stage 225/756.
[INFO] Enola: Solve for Rydberg stage 226/756.
[INFO] Enola: Solve for Rydberg stage 227/756.
[INFO] Enola: Solve for Rydberg stage 228/756.
[INFO] Enola: Solve for Rydberg stage 229/756.
[INFO] Enola: Solve for Rydberg stage 230/756.
[INFO] Enola: Solve for Rydberg stage 231/756.
[INFO] Enola: Solve for Rydberg stage 232/756.
[INFO] Enola: Solve for Rydberg stage 233/756.
[INFO] Enola: Solve for Rydberg stage 234/756.
[INFO] Enola: Solve for Rydberg stage 235/756.
[INFO] Enola: Solve for Rydberg stage 236/756.
[INFO] Enola: Solve for Rydberg stage 237/756.
[INFO] Enola: Solve for Rydberg stage 238/756.
[INFO] Enola: Solve for Rydberg stage 239/756.
[INFO] Enola: Solve for Rydberg stage 240/756.
[INFO] Enola: Solve for Rydberg stage 241/756.
[INFO] Enola: Solve for Rydberg stage 242/756.
[INFO] Enola: Solve for Rydberg stage 243/756.
[INFO] Enola: Solve for Rydberg stage 244/756.
[INFO] Enola: Solve for Rydberg stage 245/756.
[INFO] Enola: Solve for Rydberg stage 246/756.
[INFO] Enola: Solve for Rydberg stage 247/756.
[INFO] Enola: Solve for Rydberg stage 248/756.
[INFO] Enola: Solve for Rydberg stage 249/756.
[INFO] Enola: Solve for Rydberg stage 250/756.
[INFO] Enola: Solve for Rydberg stage 251/756.
[INFO] Enola: Solve for Rydberg stage 252/756.
[INFO] Enola: Solve for Rydberg stage 253/756.
[INFO] Enola: Solve for Rydberg stage 254/756.
[INFO] Enola: Solve for Rydberg stage 255/756.
[INFO] Enola: Solve for Rydberg stage 256/756.
[INFO] Enola: Solve for Rydberg stage 257/756.
[INFO] Enola: Solve for Rydberg stage 258/756.
[INFO] Enola: Solve for Rydberg stage 259/756.
[INFO] Enola: Solve for Rydberg stage 260/756.
[INFO] Enola: Solve for Rydberg stage 261/756.
[INFO] Enola: Solve for Rydberg stage 262/756.
[INFO] Enola: Solve for Rydberg stage 263/756.
[INFO] Enola: Solve for Rydberg stage 264/756.
[INFO] Enola: Solve for Rydberg stage 265/756.
[INFO] Enola: Solve for Rydberg stage 266/756.
[INFO] Enola: Solve for Rydberg stage 267/756.
[INFO] Enola: Solve for Rydberg stage 268/756.
[INFO] Enola: Solve for Rydberg stage 269/756.
[INFO] Enola: Solve for Rydberg stage 270/756.
[INFO] Enola: Solve for Rydberg stage 271/756.
[INFO] Enola: Solve for Rydberg stage 272/756.
[INFO] Enola: Solve for Rydberg stage 273/756.
[INFO] Enola: Solve for Rydberg stage 274/756.
[INFO] Enola: Solve for Rydberg stage 275/756.
[INFO] Enola: Solve for Rydberg stage 276/756.
[INFO] Enola: Solve for Rydberg stage 277/756.
[INFO] Enola: Solve for Rydberg stage 278/756.
[INFO] Enola: Solve for Rydberg stage 279/756.
[INFO] Enola: Solve for Rydberg stage 280/756.
[INFO] Enola: Solve for Rydberg stage 281/756.
[INFO] Enola: Solve for Rydberg stage 282/756.
[INFO] Enola: Solve for Rydberg stage 283/756.
[INFO] Enola: Solve for Rydberg stage 284/756.
[INFO] Enola: Solve for Rydberg stage 285/756.
[INFO] Enola: Solve for Rydberg stage 286/756.
[INFO] Enola: Solve for Rydberg stage 287/756.
[INFO] Enola: Solve for Rydberg stage 288/756.
[INFO] Enola: Solve for Rydberg stage 289/756.
[INFO] Enola: Solve for Rydberg stage 290/756.
[INFO] Enola: Solve for Rydberg stage 291/756.
[INFO] Enola: Solve for Rydberg stage 292/756.
[INFO] Enola: Solve for Rydberg stage 293/756.
[INFO] Enola: Solve for Rydberg stage 294/756.
[INFO] Enola: Solve for Rydberg stage 295/756.
[INFO] Enola: Solve for Rydberg stage 296/756.
[INFO] Enola: Solve for Rydberg stage 297/756.
[INFO] Enola: Solve for Rydberg stage 298/756.
[INFO] Enola: Solve for Rydberg stage 299/756.
[INFO] Enola: Solve for Rydberg stage 300/756.
[INFO] Enola: Solve for Rydberg stage 301/756.
[INFO] Enola: Solve for Rydberg stage 302/756.
[INFO] Enola: Solve for Rydberg stage 303/756.
[INFO] Enola: Solve for Rydberg stage 304/756.
[INFO] Enola: Solve for Rydberg stage 305/756.
[INFO] Enola: Solve for Rydberg stage 306/756.
[INFO] Enola: Solve for Rydberg stage 307/756.
[INFO] Enola: Solve for Rydberg stage 308/756.
[INFO] Enola: Solve for Rydberg stage 309/756.
[INFO] Enola: Solve for Rydberg stage 310/756.
[INFO] Enola: Solve for Rydberg stage 311/756.
[INFO] Enola: Solve for Rydberg stage 312/756.
[INFO] Enola: Solve for Rydberg stage 313/756.
[INFO] Enola: Solve for Rydberg stage 314/756.
[INFO] Enola: Solve for Rydberg stage 315/756.
[INFO] Enola: Solve for Rydberg stage 316/756.
[INFO] Enola: Solve for Rydberg stage 317/756.
[INFO] Enola: Solve for Rydberg stage 318/756.
[INFO] Enola: Solve for Rydberg stage 319/756.
[INFO] Enola: Solve for Rydberg stage 320/756.
[INFO] Enola: Solve for Rydberg stage 321/756.
[INFO] Enola: Solve for Rydberg stage 322/756.
[INFO] Enola: Solve for Rydberg stage 323/756.
[INFO] Enola: Solve for Rydberg stage 324/756.
[INFO] Enola: Solve for Rydberg stage 325/756.
[INFO] Enola: Solve for Rydberg stage 326/756.
[INFO] Enola: Solve for Rydberg stage 327/756.
[INFO] Enola: Solve for Rydberg stage 328/756.
[INFO] Enola: Solve for Rydberg stage 329/756.
[INFO] Enola: Solve for Rydberg stage 330/756.
[INFO] Enola: Solve for Rydberg stage 331/756.
[INFO] Enola: Solve for Rydberg stage 332/756.
[INFO] Enola: Solve for Rydberg stage 333/756.
[INFO] Enola: Solve for Rydberg stage 334/756.
[INFO] Enola: Solve for Rydberg stage 335/756.
[INFO] Enola: Solve for Rydberg stage 336/756.
[INFO] Enola: Solve for Rydberg stage 337/756.
[INFO] Enola: Solve for Rydberg stage 338/756.
[INFO] Enola: Solve for Rydberg stage 339/756.
[INFO] Enola: Solve for Rydberg stage 340/756.
[INFO] Enola: Solve for Rydberg stage 341/756.
[INFO] Enola: Solve for Rydberg stage 342/756.
[INFO] Enola: Solve for Rydberg stage 343/756.
[INFO] Enola: Solve for Rydberg stage 344/756.
[INFO] Enola: Solve for Rydberg stage 345/756.
[INFO] Enola: Solve for Rydberg stage 346/756.
[INFO] Enola: Solve for Rydberg stage 347/756.
[INFO] Enola: Solve for Rydberg stage 348/756.
[INFO] Enola: Solve for Rydberg stage 349/756.
[INFO] Enola: Solve for Rydberg stage 350/756.
[INFO] Enola: Solve for Rydberg stage 351/756.
[INFO] Enola: Solve for Rydberg stage 352/756.
[INFO] Enola: Solve for Rydberg stage 353/756.
[INFO] Enola: Solve for Rydberg stage 354/756.
[INFO] Enola: Solve for Rydberg stage 355/756.
[INFO] Enola: Solve for Rydberg stage 356/756.
[INFO] Enola: Solve for Rydberg stage 357/756.
[INFO] Enola: Solve for Rydberg stage 358/756.
[INFO] Enola: Solve for Rydberg stage 359/756.
[INFO] Enola: Solve for Rydberg stage 360/756.
[INFO] Enola: Solve for Rydberg stage 361/756.
[INFO] Enola: Solve for Rydberg stage 362/756.
[INFO] Enola: Solve for Rydberg stage 363/756.
[INFO] Enola: Solve for Rydberg stage 364/756.
[INFO] Enola: Solve for Rydberg stage 365/756.
[INFO] Enola: Solve for Rydberg stage 366/756.
[INFO] Enola: Solve for Rydberg stage 367/756.
[INFO] Enola: Solve for Rydberg stage 368/756.
[INFO] Enola: Solve for Rydberg stage 369/756.
[INFO] Enola: Solve for Rydberg stage 370/756.
[INFO] Enola: Solve for Rydberg stage 371/756.
[INFO] Enola: Solve for Rydberg stage 372/756.
[INFO] Enola: Solve for Rydberg stage 373/756.
[INFO] Enola: Solve for Rydberg stage 374/756.
[INFO] Enola: Solve for Rydberg stage 375/756.
[INFO] Enola: Solve for Rydberg stage 376/756.
[INFO] Enola: Solve for Rydberg stage 377/756.
[INFO] Enola: Solve for Rydberg stage 378/756.
[INFO] Enola: Solve for Rydberg stage 379/756.
[INFO] Enola: Solve for Rydberg stage 380/756.
[INFO] Enola: Solve for Rydberg stage 381/756.
[INFO] Enola: Solve for Rydberg stage 382/756.
[INFO] Enola: Solve for Rydberg stage 383/756.
[INFO] Enola: Solve for Rydberg stage 384/756.
[INFO] Enola: Solve for Rydberg stage 385/756.
[INFO] Enola: Solve for Rydberg stage 386/756.
[INFO] Enola: Solve for Rydberg stage 387/756.
[INFO] Enola: Solve for Rydberg stage 388/756.
[INFO] Enola: Solve for Rydberg stage 389/756.
[INFO] Enola: Solve for Rydberg stage 390/756.
[INFO] Enola: Solve for Rydberg stage 391/756.
[INFO] Enola: Solve for Rydberg stage 392/756.
[INFO] Enola: Solve for Rydberg stage 393/756.
[INFO] Enola: Solve for Rydberg stage 394/756.
[INFO] Enola: Solve for Rydberg stage 395/756.
[INFO] Enola: Solve for Rydberg stage 396/756.
[INFO] Enola: Solve for Rydberg stage 397/756.
[INFO] Enola: Solve for Rydberg stage 398/756.
[INFO] Enola: Solve for Rydberg stage 399/756.
[INFO] Enola: Solve for Rydberg stage 400/756.
[INFO] Enola: Solve for Rydberg stage 401/756.
[INFO] Enola: Solve for Rydberg stage 402/756.
[INFO] Enola: Solve for Rydberg stage 403/756.
[INFO] Enola: Solve for Rydberg stage 404/756.
[INFO] Enola: Solve for Rydberg stage 405/756.
[INFO] Enola: Solve for Rydberg stage 406/756.
[INFO] Enola: Solve for Rydberg stage 407/756.
[INFO] Enola: Solve for Rydberg stage 408/756.
[INFO] Enola: Solve for Rydberg stage 409/756.
[INFO] Enola: Solve for Rydberg stage 410/756.
[INFO] Enola: Solve for Rydberg stage 411/756.
[INFO] Enola: Solve for Rydberg stage 412/756.
[INFO] Enola: Solve for Rydberg stage 413/756.
[INFO] Enola: Solve for Rydberg stage 414/756.
[INFO] Enola: Solve for Rydberg stage 415/756.
[INFO] Enola: Solve for Rydberg stage 416/756.
[INFO] Enola: Solve for Rydberg stage 417/756.
[INFO] Enola: Solve for Rydberg stage 418/756.
[INFO] Enola: Solve for Rydberg stage 419/756.
[INFO] Enola: Solve for Rydberg stage 420/756.
[INFO] Enola: Solve for Rydberg stage 421/756.
[INFO] Enola: Solve for Rydberg stage 422/756.
[INFO] Enola: Solve for Rydberg stage 423/756.
[INFO] Enola: Solve for Rydberg stage 424/756.
[INFO] Enola: Solve for Rydberg stage 425/756.
[INFO] Enola: Solve for Rydberg stage 426/756.
[INFO] Enola: Solve for Rydberg stage 427/756.
[INFO] Enola: Solve for Rydberg stage 428/756.
[INFO] Enola: Solve for Rydberg stage 429/756.
[INFO] Enola: Solve for Rydberg stage 430/756.
[INFO] Enola: Solve for Rydberg stage 431/756.
[INFO] Enola: Solve for Rydberg stage 432/756.
[INFO] Enola: Solve for Rydberg stage 433/756.
[INFO] Enola: Solve for Rydberg stage 434/756.
[INFO] Enola: Solve for Rydberg stage 435/756.
[INFO] Enola: Solve for Rydberg stage 436/756.
[INFO] Enola: Solve for Rydberg stage 437/756.
[INFO] Enola: Solve for Rydberg stage 438/756.
[INFO] Enola: Solve for Rydberg stage 439/756.
[INFO] Enola: Solve for Rydberg stage 440/756.
[INFO] Enola: Solve for Rydberg stage 441/756.
[INFO] Enola: Solve for Rydberg stage 442/756.
[INFO] Enola: Solve for Rydberg stage 443/756.
[INFO] Enola: Solve for Rydberg stage 444/756.
[INFO] Enola: Solve for Rydberg stage 445/756.
[INFO] Enola: Solve for Rydberg stage 446/756.
[INFO] Enola: Solve for Rydberg stage 447/756.
[INFO] Enola: Solve for Rydberg stage 448/756.
[INFO] Enola: Solve for Rydberg stage 449/756.
[INFO] Enola: Solve for Rydberg stage 450/756.
[INFO] Enola: Solve for Rydberg stage 451/756.
[INFO] Enola: Solve for Rydberg stage 452/756.
[INFO] Enola: Solve for Rydberg stage 453/756.
[INFO] Enola: Solve for Rydberg stage 454/756.
[INFO] Enola: Solve for Rydberg stage 455/756.
[INFO] Enola: Solve for Rydberg stage 456/756.
[INFO] Enola: Solve for Rydberg stage 457/756.
[INFO] Enola: Solve for Rydberg stage 458/756.
[INFO] Enola: Solve for Rydberg stage 459/756.
[INFO] Enola: Solve for Rydberg stage 460/756.
[INFO] Enola: Solve for Rydberg stage 461/756.
[INFO] Enola: Solve for Rydberg stage 462/756.
[INFO] Enola: Solve for Rydberg stage 463/756.
[INFO] Enola: Solve for Rydberg stage 464/756.
[INFO] Enola: Solve for Rydberg stage 465/756.
[INFO] Enola: Solve for Rydberg stage 466/756.
[INFO] Enola: Solve for Rydberg stage 467/756.
[INFO] Enola: Solve for Rydberg stage 468/756.
[INFO] Enola: Solve for Rydberg stage 469/756.
[INFO] Enola: Solve for Rydberg stage 470/756.
[INFO] Enola: Solve for Rydberg stage 471/756.
[INFO] Enola: Solve for Rydberg stage 472/756.
[INFO] Enola: Solve for Rydberg stage 473/756.
[INFO] Enola: Solve for Rydberg stage 474/756.
[INFO] Enola: Solve for Rydberg stage 475/756.
[INFO] Enola: Solve for Rydberg stage 476/756.
[INFO] Enola: Solve for Rydberg stage 477/756.
[INFO] Enola: Solve for Rydberg stage 478/756.
[INFO] Enola: Solve for Rydberg stage 479/756.
[INFO] Enola: Solve for Rydberg stage 480/756.
[INFO] Enola: Solve for Rydberg stage 481/756.
[INFO] Enola: Solve for Rydberg stage 482/756.
[INFO] Enola: Solve for Rydberg stage 483/756.
[INFO] Enola: Solve for Rydberg stage 484/756.
[INFO] Enola: Solve for Rydberg stage 485/756.
[INFO] Enola: Solve for Rydberg stage 486/756.
[INFO] Enola: Solve for Rydberg stage 487/756.
[INFO] Enola: Solve for Rydberg stage 488/756.
[INFO] Enola: Solve for Rydberg stage 489/756.
[INFO] Enola: Solve for Rydberg stage 490/756.
[INFO] Enola: Solve for Rydberg stage 491/756.
[INFO] Enola: Solve for Rydberg stage 492/756.
[INFO] Enola: Solve for Rydberg stage 493/756.
[INFO] Enola: Solve for Rydberg stage 494/756.
[INFO] Enola: Solve for Rydberg stage 495/756.
[INFO] Enola: Solve for Rydberg stage 496/756.
[INFO] Enola: Solve for Rydberg stage 497/756.
[INFO] Enola: Solve for Rydberg stage 498/756.
[INFO] Enola: Solve for Rydberg stage 499/756.
[INFO] Enola: Solve for Rydberg stage 500/756.
[INFO] Enola: Solve for Rydberg stage 501/756.
[INFO] Enola: Solve for Rydberg stage 502/756.
[INFO] Enola: Solve for Rydberg stage 503/756.
[INFO] Enola: Solve for Rydberg stage 504/756.
[INFO] Enola: Solve for Rydberg stage 505/756.
[INFO] Enola: Solve for Rydberg stage 506/756.
[INFO] Enola: Solve for Rydberg stage 507/756.
[INFO] Enola: Solve for Rydberg stage 508/756.
[INFO] Enola: Solve for Rydberg stage 509/756.
[INFO] Enola: Solve for Rydberg stage 510/756.
[INFO] Enola: Solve for Rydberg stage 511/756.
[INFO] Enola: Solve for Rydberg stage 512/756.
[INFO] Enola: Solve for Rydberg stage 513/756.
[INFO] Enola: Solve for Rydberg stage 514/756.
[INFO] Enola: Solve for Rydberg stage 515/756.
[INFO] Enola: Solve for Rydberg stage 516/756.
[INFO] Enola: Solve for Rydberg stage 517/756.
[INFO] Enola: Solve for Rydberg stage 518/756.
[INFO] Enola: Solve for Rydberg stage 519/756.
[INFO] Enola: Solve for Rydberg stage 520/756.
[INFO] Enola: Solve for Rydberg stage 521/756.
[INFO] Enola: Solve for Rydberg stage 522/756.
[INFO] Enola: Solve for Rydberg stage 523/756.
[INFO] Enola: Solve for Rydberg stage 524/756.
[INFO] Enola: Solve for Rydberg stage 525/756.
[INFO] Enola: Solve for Rydberg stage 526/756.
[INFO] Enola: Solve for Rydberg stage 527/756.
[INFO] Enola: Solve for Rydberg stage 528/756.
[INFO] Enola: Solve for Rydberg stage 529/756.
[INFO] Enola: Solve for Rydberg stage 530/756.
[INFO] Enola: Solve for Rydberg stage 531/756.
[INFO] Enola: Solve for Rydberg stage 532/756.
[INFO] Enola: Solve for Rydberg stage 533/756.
[INFO] Enola: Solve for Rydberg stage 534/756.
[INFO] Enola: Solve for Rydberg stage 535/756.
[INFO] Enola: Solve for Rydberg stage 536/756.
[INFO] Enola: Solve for Rydberg stage 537/756.
[INFO] Enola: Solve for Rydberg stage 538/756.
[INFO] Enola: Solve for Rydberg stage 539/756.
[INFO] Enola: Solve for Rydberg stage 540/756.
[INFO] Enola: Solve for Rydberg stage 541/756.
[INFO] Enola: Solve for Rydberg stage 542/756.
[INFO] Enola: Solve for Rydberg stage 543/756.
[INFO] Enola: Solve for Rydberg stage 544/756.
[INFO] Enola: Solve for Rydberg stage 545/756.
[INFO] Enola: Solve for Rydberg stage 546/756.
[INFO] Enola: Solve for Rydberg stage 547/756.
[INFO] Enola: Solve for Rydberg stage 548/756.
[INFO] Enola: Solve for Rydberg stage 549/756.
[INFO] Enola: Solve for Rydberg stage 550/756.
[INFO] Enola: Solve for Rydberg stage 551/756.
[INFO] Enola: Solve for Rydberg stage 552/756.
[INFO] Enola: Solve for Rydberg stage 553/756.
[INFO] Enola: Solve for Rydberg stage 554/756.
[INFO] Enola: Solve for Rydberg stage 555/756.
[INFO] Enola: Solve for Rydberg stage 556/756.
[INFO] Enola: Solve for Rydberg stage 557/756.
[INFO] Enola: Solve for Rydberg stage 558/756.
[INFO] Enola: Solve for Rydberg stage 559/756.
[INFO] Enola: Solve for Rydberg stage 560/756.
[INFO] Enola: Solve for Rydberg stage 561/756.
[INFO] Enola: Solve for Rydberg stage 562/756.
[INFO] Enola: Solve for Rydberg stage 563/756.
[INFO] Enola: Solve for Rydberg stage 564/756.
[INFO] Enola: Solve for Rydberg stage 565/756.
[INFO] Enola: Solve for Rydberg stage 566/756.
[INFO] Enola: Solve for Rydberg stage 567/756.
[INFO] Enola: Solve for Rydberg stage 568/756.
[INFO] Enola: Solve for Rydberg stage 569/756.
[INFO] Enola: Solve for Rydberg stage 570/756.
[INFO] Enola: Solve for Rydberg stage 571/756.
[INFO] Enola: Solve for Rydberg stage 572/756.
[INFO] Enola: Solve for Rydberg stage 573/756.
[INFO] Enola: Solve for Rydberg stage 574/756.
[INFO] Enola: Solve for Rydberg stage 575/756.
[INFO] Enola: Solve for Rydberg stage 576/756.
[INFO] Enola: Solve for Rydberg stage 577/756.
[INFO] Enola: Solve for Rydberg stage 578/756.
[INFO] Enola: Solve for Rydberg stage 579/756.
[INFO] Enola: Solve for Rydberg stage 580/756.
[INFO] Enola: Solve for Rydberg stage 581/756.
[INFO] Enola: Solve for Rydberg stage 582/756.
[INFO] Enola: Solve for Rydberg stage 583/756.
[INFO] Enola: Solve for Rydberg stage 584/756.
[INFO] Enola: Solve for Rydberg stage 585/756.
[INFO] Enola: Solve for Rydberg stage 586/756.
[INFO] Enola: Solve for Rydberg stage 587/756.
[INFO] Enola: Solve for Rydberg stage 588/756.
[INFO] Enola: Solve for Rydberg stage 589/756.
[INFO] Enola: Solve for Rydberg stage 590/756.
[INFO] Enola: Solve for Rydberg stage 591/756.
[INFO] Enola: Solve for Rydberg stage 592/756.
[INFO] Enola: Solve for Rydberg stage 593/756.
[INFO] Enola: Solve for Rydberg stage 594/756.
[INFO] Enola: Solve for Rydberg stage 595/756.
[INFO] Enola: Solve for Rydberg stage 596/756.
[INFO] Enola: Solve for Rydberg stage 597/756.
[INFO] Enola: Solve for Rydberg stage 598/756.
[INFO] Enola: Solve for Rydberg stage 599/756.
[INFO] Enola: Solve for Rydberg stage 600/756.
[INFO] Enola: Solve for Rydberg stage 601/756.
[INFO] Enola: Solve for Rydberg stage 602/756.
[INFO] Enola: Solve for Rydberg stage 603/756.
[INFO] Enola: Solve for Rydberg stage 604/756.
[INFO] Enola: Solve for Rydberg stage 605/756.
[INFO] Enola: Solve for Rydberg stage 606/756.
[INFO] Enola: Solve for Rydberg stage 607/756.
[INFO] Enola: Solve for Rydberg stage 608/756.
[INFO] Enola: Solve for Rydberg stage 609/756.
[INFO] Enola: Solve for Rydberg stage 610/756.
[INFO] Enola: Solve for Rydberg stage 611/756.
[INFO] Enola: Solve for Rydberg stage 612/756.
[INFO] Enola: Solve for Rydberg stage 613/756.
[INFO] Enola: Solve for Rydberg stage 614/756.
[INFO] Enola: Solve for Rydberg stage 615/756.
[INFO] Enola: Solve for Rydberg stage 616/756.
[INFO] Enola: Solve for Rydberg stage 617/756.
[INFO] Enola: Solve for Rydberg stage 618/756.
[INFO] Enola: Solve for Rydberg stage 619/756.
[INFO] Enola: Solve for Rydberg stage 620/756.
[INFO] Enola: Solve for Rydberg stage 621/756.
[INFO] Enola: Solve for Rydberg stage 622/756.
[INFO] Enola: Solve for Rydberg stage 623/756.
[INFO] Enola: Solve for Rydberg stage 624/756.
[INFO] Enola: Solve for Rydberg stage 625/756.
[INFO] Enola: Solve for Rydberg stage 626/756.
[INFO] Enola: Solve for Rydberg stage 627/756.
[INFO] Enola: Solve for Rydberg stage 628/756.
[INFO] Enola: Solve for Rydberg stage 629/756.
[INFO] Enola: Solve for Rydberg stage 630/756.
[INFO] Enola: Solve for Rydberg stage 631/756.
[INFO] Enola: Solve for Rydberg stage 632/756.
[INFO] Enola: Solve for Rydberg stage 633/756.
[INFO] Enola: Solve for Rydberg stage 634/756.
[INFO] Enola: Solve for Rydberg stage 635/756.
[INFO] Enola: Solve for Rydberg stage 636/756.
[INFO] Enola: Solve for Rydberg stage 637/756.
[INFO] Enola: Solve for Rydberg stage 638/756.
[INFO] Enola: Solve for Rydberg stage 639/756.
[INFO] Enola: Solve for Rydberg stage 640/756.
[INFO] Enola: Solve for Rydberg stage 641/756.
[INFO] Enola: Solve for Rydberg stage 642/756.
[INFO] Enola: Solve for Rydberg stage 643/756.
[INFO] Enola: Solve for Rydberg stage 644/756.
[INFO] Enola: Solve for Rydberg stage 645/756.
[INFO] Enola: Solve for Rydberg stage 646/756.
[INFO] Enola: Solve for Rydberg stage 647/756.
[INFO] Enola: Solve for Rydberg stage 648/756.
[INFO] Enola: Solve for Rydberg stage 649/756.
[INFO] Enola: Solve for Rydberg stage 650/756.
[INFO] Enola: Solve for Rydberg stage 651/756.
[INFO] Enola: Solve for Rydberg stage 652/756.
[INFO] Enola: Solve for Rydberg stage 653/756.
[INFO] Enola: Solve for Rydberg stage 654/756.
[INFO] Enola: Solve for Rydberg stage 655/756.
[INFO] Enola: Solve for Rydberg stage 656/756.
[INFO] Enola: Solve for Rydberg stage 657/756.
[INFO] Enola: Solve for Rydberg stage 658/756.
[INFO] Enola: Solve for Rydberg stage 659/756.
[INFO] Enola: Solve for Rydberg stage 660/756.
[INFO] Enola: Solve for Rydberg stage 661/756.
[INFO] Enola: Solve for Rydberg stage 662/756.
[INFO] Enola: Solve for Rydberg stage 663/756.
[INFO] Enola: Solve for Rydberg stage 664/756.
[INFO] Enola: Solve for Rydberg stage 665/756.
[INFO] Enola: Solve for Rydberg stage 666/756.
[INFO] Enola: Solve for Rydberg stage 667/756.
[INFO] Enola: Solve for Rydberg stage 668/756.
[INFO] Enola: Solve for Rydberg stage 669/756.
[INFO] Enola: Solve for Rydberg stage 670/756.
[INFO] Enola: Solve for Rydberg stage 671/756.
[INFO] Enola: Solve for Rydberg stage 672/756.
[INFO] Enola: Solve for Rydberg stage 673/756.
[INFO] Enola: Solve for Rydberg stage 674/756.
[INFO] Enola: Solve for Rydberg stage 675/756.
[INFO] Enola: Solve for Rydberg stage 676/756.
[INFO] Enola: Solve for Rydberg stage 677/756.
[INFO] Enola: Solve for Rydberg stage 678/756.
[INFO] Enola: Solve for Rydberg stage 679/756.
[INFO] Enola: Solve for Rydberg stage 680/756.
[INFO] Enola: Solve for Rydberg stage 681/756.
[INFO] Enola: Solve for Rydberg stage 682/756.
[INFO] Enola: Solve for Rydberg stage 683/756.
[INFO] Enola: Solve for Rydberg stage 684/756.
[INFO] Enola: Solve for Rydberg stage 685/756.
[INFO] Enola: Solve for Rydberg stage 686/756.
[INFO] Enola: Solve for Rydberg stage 687/756.
[INFO] Enola: Solve for Rydberg stage 688/756.
[INFO] Enola: Solve for Rydberg stage 689/756.
[INFO] Enola: Solve for Rydberg stage 690/756.
[INFO] Enola: Solve for Rydberg stage 691/756.
[INFO] Enola: Solve for Rydberg stage 692/756.
[INFO] Enola: Solve for Rydberg stage 693/756.
[INFO] Enola: Solve for Rydberg stage 694/756.
[INFO] Enola: Solve for Rydberg stage 695/756.
[INFO] Enola: Solve for Rydberg stage 696/756.
[INFO] Enola: Solve for Rydberg stage 697/756.
[INFO] Enola: Solve for Rydberg stage 698/756.
[INFO] Enola: Solve for Rydberg stage 699/756.
[INFO] Enola: Solve for Rydberg stage 700/756.
[INFO] Enola: Solve for Rydberg stage 701/756.
[INFO] Enola: Solve for Rydberg stage 702/756.
[INFO] Enola: Solve for Rydberg stage 703/756.
[INFO] Enola: Solve for Rydberg stage 704/756.
[INFO] Enola: Solve for Rydberg stage 705/756.
[INFO] Enola: Solve for Rydberg stage 706/756.
[INFO] Enola: Solve for Rydberg stage 707/756.
[INFO] Enola: Solve for Rydberg stage 708/756.
[INFO] Enola: Solve for Rydberg stage 709/756.
[INFO] Enola: Solve for Rydberg stage 710/756.
[INFO] Enola: Solve for Rydberg stage 711/756.
[INFO] Enola: Solve for Rydberg stage 712/756.
[INFO] Enola: Solve for Rydberg stage 713/756.
[INFO] Enola: Solve for Rydberg stage 714/756.
[INFO] Enola: Solve for Rydberg stage 715/756.
[INFO] Enola: Solve for Rydberg stage 716/756.
[INFO] Enola: Solve for Rydberg stage 717/756.
[INFO] Enola: Solve for Rydberg stage 718/756.
[INFO] Enola: Solve for Rydberg stage 719/756.
[INFO] Enola: Solve for Rydberg stage 720/756.
[INFO] Enola: Solve for Rydberg stage 721/756.
[INFO] Enola: Solve for Rydberg stage 722/756.
[INFO] Enola: Solve for Rydberg stage 723/756.
[INFO] Enola: Solve for Rydberg stage 724/756.
[INFO] Enola: Solve for Rydberg stage 725/756.
[INFO] Enola: Solve for Rydberg stage 726/756.
[INFO] Enola: Solve for Rydberg stage 727/756.
[INFO] Enola: Solve for Rydberg stage 728/756.
[INFO] Enola: Solve for Rydberg stage 729/756.
[INFO] Enola: Solve for Rydberg stage 730/756.
[INFO] Enola: Solve for Rydberg stage 731/756.
[INFO] Enola: Solve for Rydberg stage 732/756.
[INFO] Enola: Solve for Rydberg stage 733/756.
[INFO] Enola: Solve for Rydberg stage 734/756.
[INFO] Enola: Solve for Rydberg stage 735/756.
[INFO] Enola: Solve for Rydberg stage 736/756.
[INFO] Enola: Solve for Rydberg stage 737/756.
[INFO] Enola: Solve for Rydberg stage 738/756.
[INFO] Enola: Solve for Rydberg stage 739/756.
[INFO] Enola: Solve for Rydberg stage 740/756.
[INFO] Enola: Solve for Rydberg stage 741/756.
[INFO] Enola: Solve for Rydberg stage 742/756.
[INFO] Enola: Solve for Rydberg stage 743/756.
[INFO] Enola: Solve for Rydberg stage 744/756.
[INFO] Enola: Solve for Rydberg stage 745/756.
[INFO] Enola: Solve for Rydberg stage 746/756.
[INFO] Enola: Solve for Rydberg stage 747/756.
[INFO] Enola: Solve for Rydberg stage 748/756.
[INFO] Enola: Solve for Rydberg stage 749/756.
[INFO] Enola: Solve for Rydberg stage 750/756.
[INFO] Enola: Solve for Rydberg stage 751/756.
[INFO] Enola: Solve for Rydberg stage 752/756.
[INFO] Enola: Solve for Rydberg stage 753/756.
[INFO] Enola: Solve for Rydberg stage 754/756.
[INFO] Enola: Solve for Rydberg stage 755/756.
[INFO] Enola: Solve for Rydberg stage 756/756.
[INFO] Enola: Solve for Rydberg stage 757/756.
[INFO] Enola: Time for routing: 0.11458849906921387s
[INFO] Enola: Total Time: 0.812847375869751s
Compilation successful.

2026-03-25 19:45:25,930 - BenchmarkManager - INFO - Wrote metrics summary for enola: results/metrics/20260325_194522_arch/enola.json
