2026-03-23 11:20:18,639 - BenchmarkManager - INFO - Initializing 4 compilers...
2026-03-23 11:20:18,639 - BenchmarkManager - INFO - Output directory for weaver: results/circuits/weaver
2026-03-23 11:20:18,640 - BenchmarkManager - INFO - Output directory for enola: results/circuits/enola
2026-03-23 11:20:18,641 - BenchmarkManager - INFO - Output directory for zac: results/circuits/zac
2026-03-23 11:20:18,642 - BenchmarkManager - INFO - Output directory for nalac: results/circuits/nalac
2026-03-23 11:20:18,643 - BenchmarkManager - INFO - Starting benchmark execution ...
2026-03-23 11:20:18,646 - BenchmarkManager - INFO - Found 5 CNF benchmark circuits in '/u/halle/heiz/home_at/BachelorProject/benchmarks/uf_fix20_20-100'
2026-03-23 11:20:18,646 - BenchmarkManager - INFO -   - /u/halle/heiz/home_at/BachelorProject/benchmarks/uf_fix20_20-100/uf20-0100.cnf
2026-03-23 11:20:18,647 - BenchmarkManager - INFO -   - /u/halle/heiz/home_at/BachelorProject/benchmarks/uf_fix20_20-100/uf20-020.cnf
2026-03-23 11:20:18,648 - BenchmarkManager - INFO -   - /u/halle/heiz/home_at/BachelorProject/benchmarks/uf_fix20_20-100/uf20-040.cnf
2026-03-23 11:20:18,649 - BenchmarkManager - INFO -   - /u/halle/heiz/home_at/BachelorProject/benchmarks/uf_fix20_20-100/uf20-060.cnf
2026-03-23 11:20:18,651 - BenchmarkManager - INFO -   - /u/halle/heiz/home_at/BachelorProject/benchmarks/uf_fix20_20-100/uf20-080.cnf
2026-03-23 11:20:18,652 - BenchmarkManager - INFO - weaver (run 1/1) - Running /u/halle/heiz/home_at/BachelorProject/benchmarks/uf_fix20_20-100/uf20-0100.cnf
2026-03-23 11:20:19,678 - Compiler.weaver - INFO - STDOUT:
num_colors: 22, num_slm_rows: 46, num_slm_cols: 313, num_aod_rows: 1, num_aod_cols: 20
Compilation successful.

2026-03-23 11:20:19,703 - BenchmarkManager - INFO - weaver (run 1/1) - Running /u/halle/heiz/home_at/BachelorProject/benchmarks/uf_fix20_20-100/uf20-020.cnf
2026-03-23 11:20:20,554 - Compiler.weaver - INFO - STDOUT:
num_colors: 21, num_slm_rows: 44, num_slm_cols: 313, num_aod_rows: 1, num_aod_cols: 20
Compilation successful.

2026-03-23 11:20:20,581 - BenchmarkManager - INFO - weaver (run 1/1) - Running /u/halle/heiz/home_at/BachelorProject/benchmarks/uf_fix20_20-100/uf20-040.cnf
2026-03-23 11:20:21,511 - Compiler.weaver - INFO - STDOUT:
num_colors: 21, num_slm_rows: 44, num_slm_cols: 313, num_aod_rows: 1, num_aod_cols: 20
Compilation successful.

2026-03-23 11:20:21,536 - BenchmarkManager - INFO - weaver (run 1/1) - Running /u/halle/heiz/home_at/BachelorProject/benchmarks/uf_fix20_20-100/uf20-060.cnf
2026-03-23 11:20:22,383 - Compiler.weaver - INFO - STDOUT:
num_colors: 25, num_slm_rows: 52, num_slm_cols: 313, num_aod_rows: 1, num_aod_cols: 20
Compilation successful.

2026-03-23 11:20:22,410 - BenchmarkManager - INFO - weaver (run 1/1) - Running /u/halle/heiz/home_at/BachelorProject/benchmarks/uf_fix20_20-100/uf20-080.cnf
2026-03-23 11:20:23,232 - Compiler.weaver - INFO - STDOUT:
num_colors: 23, num_slm_rows: 48, num_slm_cols: 313, num_aod_rows: 1, num_aod_cols: 20
Compilation successful.

2026-03-23 11:20:23,261 - BenchmarkManager - INFO - Wrote metrics summary for weaver: results/metrics/20260323_112018_arch/weaver.json
2026-03-23 11:20:23,263 - BenchmarkManager - INFO - Found 5 QASM benchmark circuits in '/u/halle/heiz/home_at/BachelorProject/benchmarks/uf_fix20_20-100'
2026-03-23 11:20:23,263 - BenchmarkManager - INFO -   - /u/halle/heiz/home_at/BachelorProject/benchmarks/uf_fix20_20-100/uf20-0100.qasm
2026-03-23 11:20:23,264 - BenchmarkManager - INFO -   - /u/halle/heiz/home_at/BachelorProject/benchmarks/uf_fix20_20-100/uf20-020.qasm
2026-03-23 11:20:23,265 - BenchmarkManager - INFO -   - /u/halle/heiz/home_at/BachelorProject/benchmarks/uf_fix20_20-100/uf20-040.qasm
2026-03-23 11:20:23,266 - BenchmarkManager - INFO -   - /u/halle/heiz/home_at/BachelorProject/benchmarks/uf_fix20_20-100/uf20-060.qasm
2026-03-23 11:20:23,267 - BenchmarkManager - INFO -   - /u/halle/heiz/home_at/BachelorProject/benchmarks/uf_fix20_20-100/uf20-080.qasm
2026-03-23 11:20:23,269 - BenchmarkManager - INFO - enola (run 1/1) - Running /u/halle/heiz/home_at/BachelorProject/benchmarks/uf_fix20_20-100/uf20-0100.qasm
2026-03-23 11:20:23,270 - Compiler.enola - INFO - Array width: 313, Array height: 46, AOD columns: 20, AOD rows: 1
2026-03-23 11:20:32,715 - Compiler.enola - INFO - STDOUT:
[INFO] Enola: Start Solving
[INFO] Enola: Run scheduling
[INFO] Enola: Time for scheduling: 0.0010194778442382812s
313
[INFO] Enola: Time for placement: 8.821487426757812e-06s
[INFO] Enola: Solve for Rydberg stage 2/345.
[INFO] Enola: Solve for Rydberg stage 3/345.
[INFO] Enola: Solve for Rydberg stage 4/345.
[INFO] Enola: Solve for Rydberg stage 5/345.
[INFO] Enola: Solve for Rydberg stage 6/345.
[INFO] Enola: Solve for Rydberg stage 7/345.
[INFO] Enola: Solve for Rydberg stage 8/345.
[INFO] Enola: Solve for Rydberg stage 9/345.
[INFO] Enola: Solve for Rydberg stage 10/345.
[INFO] Enola: Solve for Rydberg stage 11/345.
[INFO] Enola: Solve for Rydberg stage 12/345.
[INFO] Enola: Solve for Rydberg stage 13/345.
[INFO] Enola: Solve for Rydberg stage 14/345.
[INFO] Enola: Solve for Rydberg stage 15/345.
[INFO] Enola: Solve for Rydberg stage 16/345.
[INFO] Enola: Solve for Rydberg stage 17/345.
[INFO] Enola: Solve for Rydberg stage 18/345.
[INFO] Enola: Solve for Rydberg stage 19/345.
[INFO] Enola: Solve for Rydberg stage 20/345.
[INFO] Enola: Solve for Rydberg stage 21/345.
[INFO] Enola: Solve for Rydberg stage 22/345.
[INFO] Enola: Solve for Rydberg stage 23/345.
[INFO] Enola: Solve for Rydberg stage 24/345.
[INFO] Enola: Solve for Rydberg stage 25/345.
[INFO] Enola: Solve for Rydberg stage 26/345.
[INFO] Enola: Solve for Rydberg stage 27/345.
[INFO] Enola: Solve for Rydberg stage 28/345.
[INFO] Enola: Solve for Rydberg stage 29/345.
[INFO] Enola: Solve for Rydberg stage 30/345.
[INFO] Enola: Solve for Rydberg stage 31/345.
[INFO] Enola: Solve for Rydberg stage 32/345.
[INFO] Enola: Solve for Rydberg stage 33/345.
[INFO] Enola: Solve for Rydberg stage 34/345.
[INFO] Enola: Solve for Rydberg stage 35/345.
[INFO] Enola: Solve for Rydberg stage 36/345.
[INFO] Enola: Solve for Rydberg stage 37/345.
[INFO] Enola: Solve for Rydberg stage 38/345.
[INFO] Enola: Solve for Rydberg stage 39/345.
[INFO] Enola: Solve for Rydberg stage 40/345.
[INFO] Enola: Solve for Rydberg stage 41/345.
[INFO] Enola: Solve for Rydberg stage 42/345.
[INFO] Enola: Solve for Rydberg stage 43/345.
[INFO] Enola: Solve for Rydberg stage 44/345.
[INFO] Enola: Solve for Rydberg stage 45/345.
[INFO] Enola: Solve for Rydberg stage 46/345.
[INFO] Enola: Solve for Rydberg stage 47/345.
[INFO] Enola: Solve for Rydberg stage 48/345.
[INFO] Enola: Solve for Rydberg stage 49/345.
[INFO] Enola: Solve for Rydberg stage 50/345.
[INFO] Enola: Solve for Rydberg stage 51/345.
[INFO] Enola: Solve for Rydberg stage 52/345.
[INFO] Enola: Solve for Rydberg stage 53/345.
[INFO] Enola: Solve for Rydberg stage 54/345.
[INFO] Enola: Solve for Rydberg stage 55/345.
[INFO] Enola: Solve for Rydberg stage 56/345.
[INFO] Enola: Solve for Rydberg stage 57/345.
[INFO] Enola: Solve for Rydberg stage 58/345.
[INFO] Enola: Solve for Rydberg stage 59/345.
[INFO] Enola: Solve for Rydberg stage 60/345.
[INFO] Enola: Solve for Rydberg stage 61/345.
[INFO] Enola: Solve for Rydberg stage 62/345.
[INFO] Enola: Solve for Rydberg stage 63/345.
[INFO] Enola: Solve for Rydberg stage 64/345.
[INFO] Enola: Solve for Rydberg stage 65/345.
[INFO] Enola: Solve for Rydberg stage 66/345.
[INFO] Enola: Solve for Rydberg stage 67/345.
[INFO] Enola: Solve for Rydberg stage 68/345.
[INFO] Enola: Solve for Rydberg stage 69/345.
[INFO] Enola: Solve for Rydberg stage 70/345.
[INFO] Enola: Solve for Rydberg stage 71/345.
[INFO] Enola: Solve for Rydberg stage 72/345.
[INFO] Enola: Solve for Rydberg stage 73/345.
[INFO] Enola: Solve for Rydberg stage 74/345.
[INFO] Enola: Solve for Rydberg stage 75/345.
[INFO] Enola: Solve for Rydberg stage 76/345.
[INFO] Enola: Solve for Rydberg stage 77/345.
[INFO] Enola: Solve for Rydberg stage 78/345.
[INFO] Enola: Solve for Rydberg stage 79/345.
[INFO] Enola: Solve for Rydberg stage 80/345.
[INFO] Enola: Solve for Rydberg stage 81/345.
[INFO] Enola: Solve for Rydberg stage 82/345.
[INFO] Enola: Solve for Rydberg stage 83/345.
[INFO] Enola: Solve for Rydberg stage 84/345.
[INFO] Enola: Solve for Rydberg stage 85/345.
[INFO] Enola: Solve for Rydberg stage 86/345.
[INFO] Enola: Solve for Rydberg stage 87/345.
[INFO] Enola: Solve for Rydberg stage 88/345.
[INFO] Enola: Solve for Rydberg stage 89/345.
[INFO] Enola: Solve for Rydberg stage 90/345.
[INFO] Enola: Solve for Rydberg stage 91/345.
[INFO] Enola: Solve for Rydberg stage 92/345.
[INFO] Enola: Solve for Rydberg stage 93/345.
[INFO] Enola: Solve for Rydberg stage 94/345.
[INFO] Enola: Solve for Rydberg stage 95/345.
[INFO] Enola: Solve for Rydberg stage 96/345.
[INFO] Enola: Solve for Rydberg stage 97/345.
[INFO] Enola: Solve for Rydberg stage 98/345.
[INFO] Enola: Solve for Rydberg stage 99/345.
[INFO] Enola: Solve for Rydberg stage 100/345.
[INFO] Enola: Solve for Rydberg stage 101/345.
[INFO] Enola: Solve for Rydberg stage 102/345.
[INFO] Enola: Solve for Rydberg stage 103/345.
[INFO] Enola: Solve for Rydberg stage 104/345.
[INFO] Enola: Solve for Rydberg stage 105/345.
[INFO] Enola: Solve for Rydberg stage 106/345.
[INFO] Enola: Solve for Rydberg stage 107/345.
[INFO] Enola: Solve for Rydberg stage 108/345.
[INFO] Enola: Solve for Rydberg stage 109/345.
[INFO] Enola: Solve for Rydberg stage 110/345.
[INFO] Enola: Solve for Rydberg stage 111/345.
[INFO] Enola: Solve for Rydberg stage 112/345.
[INFO] Enola: Solve for Rydberg stage 113/345.
[INFO] Enola: Solve for Rydberg stage 114/345.
[INFO] Enola: Solve for Rydberg stage 115/345.
[INFO] Enola: Solve for Rydberg stage 116/345.
[INFO] Enola: Solve for Rydberg stage 117/345.
[INFO] Enola: Solve for Rydberg stage 118/345.
[INFO] Enola: Solve for Rydberg stage 119/345.
[INFO] Enola: Solve for Rydberg stage 120/345.
[INFO] Enola: Solve for Rydberg stage 121/345.
[INFO] Enola: Solve for Rydberg stage 122/345.
[INFO] Enola: Solve for Rydberg stage 123/345.
[INFO] Enola: Solve for Rydberg stage 124/345.
[INFO] Enola: Solve for Rydberg stage 125/345.
[INFO] Enola: Solve for Rydberg stage 126/345.
[INFO] Enola: Solve for Rydberg stage 127/345.
[INFO] Enola: Solve for Rydberg stage 128/345.
[INFO] Enola: Solve for Rydberg stage 129/345.
[INFO] Enola: Solve for Rydberg stage 130/345.
[INFO] Enola: Solve for Rydberg stage 131/345.
[INFO] Enola: Solve for Rydberg stage 132/345.
[INFO] Enola: Solve for Rydberg stage 133/345.
[INFO] Enola: Solve for Rydberg stage 134/345.
[INFO] Enola: Solve for Rydberg stage 135/345.
[INFO] Enola: Solve for Rydberg stage 136/345.
[INFO] Enola: Solve for Rydberg stage 137/345.
[INFO] Enola: Solve for Rydberg stage 138/345.
[INFO] Enola: Solve for Rydberg stage 139/345.
[INFO] Enola: Solve for Rydberg stage 140/345.
[INFO] Enola: Solve for Rydberg stage 141/345.
[INFO] Enola: Solve for Rydberg stage 142/345.
[INFO] Enola: Solve for Rydberg stage 143/345.
[INFO] Enola: Solve for Rydberg stage 144/345.
[INFO] Enola: Solve for Rydberg stage 145/345.
[INFO] Enola: Solve for Rydberg stage 146/345.
[INFO] Enola: Solve for Rydberg stage 147/345.
[INFO] Enola: Solve for Rydberg stage 148/345.
[INFO] Enola: Solve for Rydberg stage 149/345.
[INFO] Enola: Solve for Rydberg stage 150/345.
[INFO] Enola: Solve for Rydberg stage 151/345.
[INFO] Enola: Solve for Rydberg stage 152/345.
[INFO] Enola: Solve for Rydberg stage 153/345.
[INFO] Enola: Solve for Rydberg stage 154/345.
[INFO] Enola: Solve for Rydberg stage 155/345.
[INFO] Enola: Solve for Rydberg stage 156/345.
[INFO] Enola: Solve for Rydberg stage 157/345.
[INFO] Enola: Solve for Rydberg stage 158/345.
[INFO] Enola: Solve for Rydberg stage 159/345.
[INFO] Enola: Solve for Rydberg stage 160/345.
[INFO] Enola: Solve for Rydberg stage 161/345.
[INFO] Enola: Solve for Rydberg stage 162/345.
[INFO] Enola: Solve for Rydberg stage 163/345.
[INFO] Enola: Solve for Rydberg stage 164/345.
[INFO] Enola: Solve for Rydberg stage 165/345.
[INFO] Enola: Solve for Rydberg stage 166/345.
[INFO] Enola: Solve for Rydberg stage 167/345.
[INFO] Enola: Solve for Rydberg stage 168/345.
[INFO] Enola: Solve for Rydberg stage 169/345.
[INFO] Enola: Solve for Rydberg stage 170/345.
[INFO] Enola: Solve for Rydberg stage 171/345.
[INFO] Enola: Solve for Rydberg stage 172/345.
[INFO] Enola: Solve for Rydberg stage 173/345.
[INFO] Enola: Solve for Rydberg stage 174/345.
[INFO] Enola: Solve for Rydberg stage 175/345.
[INFO] Enola: Solve for Rydberg stage 176/345.
[INFO] Enola: Solve for Rydberg stage 177/345.
[INFO] Enola: Solve for Rydberg stage 178/345.
[INFO] Enola: Solve for Rydberg stage 179/345.
[INFO] Enola: Solve for Rydberg stage 180/345.
[INFO] Enola: Solve for Rydberg stage 181/345.
[INFO] Enola: Solve for Rydberg stage 182/345.
[INFO] Enola: Solve for Rydberg stage 183/345.
[INFO] Enola: Solve for Rydberg stage 184/345.
[INFO] Enola: Solve for Rydberg stage 185/345.
[INFO] Enola: Solve for Rydberg stage 186/345.
[INFO] Enola: Solve for Rydberg stage 187/345.
[INFO] Enola: Solve for Rydberg stage 188/345.
[INFO] Enola: Solve for Rydberg stage 189/345.
[INFO] Enola: Solve for Rydberg stage 190/345.
[INFO] Enola: Solve for Rydberg stage 191/345.
[INFO] Enola: Solve for Rydberg stage 192/345.
[INFO] Enola: Solve for Rydberg stage 193/345.
[INFO] Enola: Solve for Rydberg stage 194/345.
[INFO] Enola: Solve for Rydberg stage 195/345.
[INFO] Enola: Solve for Rydberg stage 196/345.
[INFO] Enola: Solve for Rydberg stage 197/345.
[INFO] Enola: Solve for Rydberg stage 198/345.
[INFO] Enola: Solve for Rydberg stage 199/345.
[INFO] Enola: Solve for Rydberg stage 200/345.
[INFO] Enola: Solve for Rydberg stage 201/345.
[INFO] Enola: Solve for Rydberg stage 202/345.
[INFO] Enola: Solve for Rydberg stage 203/345.
[INFO] Enola: Solve for Rydberg stage 204/345.
[INFO] Enola: Solve for Rydberg stage 205/345.
[INFO] Enola: Solve for Rydberg stage 206/345.
[INFO] Enola: Solve for Rydberg stage 207/345.
[INFO] Enola: Solve for Rydberg stage 208/345.
[INFO] Enola: Solve for Rydberg stage 209/345.
[INFO] Enola: Solve for Rydberg stage 210/345.
[INFO] Enola: Solve for Rydberg stage 211/345.
[INFO] Enola: Solve for Rydberg stage 212/345.
[INFO] Enola: Solve for Rydberg stage 213/345.
[INFO] Enola: Solve for Rydberg stage 214/345.
[INFO] Enola: Solve for Rydberg stage 215/345.
[INFO] Enola: Solve for Rydberg stage 216/345.
[INFO] Enola: Solve for Rydberg stage 217/345.
[INFO] Enola: Solve for Rydberg stage 218/345.
[INFO] Enola: Solve for Rydberg stage 219/345.
[INFO] Enola: Solve for Rydberg stage 220/345.
[INFO] Enola: Solve for Rydberg stage 221/345.
[INFO] Enola: Solve for Rydberg stage 222/345.
[INFO] Enola: Solve for Rydberg stage 223/345.
[INFO] Enola: Solve for Rydberg stage 224/345.
[INFO] Enola: Solve for Rydberg stage 225/345.
[INFO] Enola: Solve for Rydberg stage 226/345.
[INFO] Enola: Solve for Rydberg stage 227/345.
[INFO] Enola: Solve for Rydberg stage 228/345.
[INFO] Enola: Solve for Rydberg stage 229/345.
[INFO] Enola: Solve for Rydberg stage 230/345.
[INFO] Enola: Solve for Rydberg stage 231/345.
[INFO] Enola: Solve for Rydberg stage 232/345.
[INFO] Enola: Solve for Rydberg stage 233/345.
[INFO] Enola: Solve for Rydberg stage 234/345.
[INFO] Enola: Solve for Rydberg stage 235/345.
[INFO] Enola: Solve for Rydberg stage 236/345.
[INFO] Enola: Solve for Rydberg stage 237/345.
[INFO] Enola: Solve for Rydberg stage 238/345.
[INFO] Enola: Solve for Rydberg stage 239/345.
[INFO] Enola: Solve for Rydberg stage 240/345.
[INFO] Enola: Solve for Rydberg stage 241/345.
[INFO] Enola: Solve for Rydberg stage 242/345.
[INFO] Enola: Solve for Rydberg stage 243/345.
[INFO] Enola: Solve for Rydberg stage 244/345.
[INFO] Enola: Solve for Rydberg stage 245/345.
[INFO] Enola: Solve for Rydberg stage 246/345.
[INFO] Enola: Solve for Rydberg stage 247/345.
[INFO] Enola: Solve for Rydberg stage 248/345.
[INFO] Enola: Solve for Rydberg stage 249/345.
[INFO] Enola: Solve for Rydberg stage 250/345.
[INFO] Enola: Solve for Rydberg stage 251/345.
[INFO] Enola: Solve for Rydberg stage 252/345.
[INFO] Enola: Solve for Rydberg stage 253/345.
[INFO] Enola: Solve for Rydberg stage 254/345.
[INFO] Enola: Solve for Rydberg stage 255/345.
[INFO] Enola: Solve for Rydberg stage 256/345.
[INFO] Enola: Solve for Rydberg stage 257/345.
[INFO] Enola: Solve for Rydberg stage 258/345.
[INFO] Enola: Solve for Rydberg stage 259/345.
[INFO] Enola: Solve for Rydberg stage 260/345.
[INFO] Enola: Solve for Rydberg stage 261/345.
[INFO] Enola: Solve for Rydberg stage 262/345.
[INFO] Enola: Solve for Rydberg stage 263/345.
[INFO] Enola: Solve for Rydberg stage 264/345.
[INFO] Enola: Solve for Rydberg stage 265/345.
[INFO] Enola: Solve for Rydberg stage 266/345.
[INFO] Enola: Solve for Rydberg stage 267/345.
[INFO] Enola: Solve for Rydberg stage 268/345.
[INFO] Enola: Solve for Rydberg stage 269/345.
[INFO] Enola: Solve for Rydberg stage 270/345.
[INFO] Enola: Solve for Rydberg stage 271/345.
[INFO] Enola: Solve for Rydberg stage 272/345.
[INFO] Enola: Solve for Rydberg stage 273/345.
[INFO] Enola: Solve for Rydberg stage 274/345.
[INFO] Enola: Solve for Rydberg stage 275/345.
[INFO] Enola: Solve for Rydberg stage 276/345.
[INFO] Enola: Solve for Rydberg stage 277/345.
[INFO] Enola: Solve for Rydberg stage 278/345.
[INFO] Enola: Solve for Rydberg stage 279/345.
[INFO] Enola: Solve for Rydberg stage 280/345.
[INFO] Enola: Solve for Rydberg stage 281/345.
[INFO] Enola: Solve for Rydberg stage 282/345.
[INFO] Enola: Solve for Rydberg stage 283/345.
[INFO] Enola: Solve for Rydberg stage 284/345.
[INFO] Enola: Solve for Rydberg stage 285/345.
[INFO] Enola: Solve for Rydberg stage 286/345.
[INFO] Enola: Solve for Rydberg stage 287/345.
[INFO] Enola: Solve for Rydberg stage 288/345.
[INFO] Enola: Solve for Rydberg stage 289/345.
[INFO] Enola: Solve for Rydberg stage 290/345.
[INFO] Enola: Solve for Rydberg stage 291/345.
[INFO] Enola: Solve for Rydberg stage 292/345.
[INFO] Enola: Solve for Rydberg stage 293/345.
[INFO] Enola: Solve for Rydberg stage 294/345.
[INFO] Enola: Solve for Rydberg stage 295/345.
[INFO] Enola: Solve for Rydberg stage 296/345.
[INFO] Enola: Solve for Rydberg stage 297/345.
[INFO] Enola: Solve for Rydberg stage 298/345.
[INFO] Enola: Solve for Rydberg stage 299/345.
[INFO] Enola: Solve for Rydberg stage 300/345.
[INFO] Enola: Solve for Rydberg stage 301/345.
[INFO] Enola: Solve for Rydberg stage 302/345.
[INFO] Enola: Solve for Rydberg stage 303/345.
[INFO] Enola: Solve for Rydberg stage 304/345.
[INFO] Enola: Solve for Rydberg stage 305/345.
[INFO] Enola: Solve for Rydberg stage 306/345.
[INFO] Enola: Solve for Rydberg stage 307/345.
[INFO] Enola: Solve for Rydberg stage 308/345.
[INFO] Enola: Solve for Rydberg stage 309/345.
[INFO] Enola: Solve for Rydberg stage 310/345.
[INFO] Enola: Solve for Rydberg stage 311/345.
[INFO] Enola: Solve for Rydberg stage 312/345.
[INFO] Enola: Solve for Rydberg stage 313/345.
[INFO] Enola: Solve for Rydberg stage 314/345.
[INFO] Enola: Solve for Rydberg stage 315/345.
[INFO] Enola: Solve for Rydberg stage 316/345.
[INFO] Enola: Solve for Rydberg stage 317/345.
[INFO] Enola: Solve for Rydberg stage 318/345.
[INFO] Enola: Solve for Rydberg stage 319/345.
[INFO] Enola: Solve for Rydberg stage 320/345.
[INFO] Enola: Solve for Rydberg stage 321/345.
[INFO] Enola: Solve for Rydberg stage 322/345.
[INFO] Enola: Solve for Rydberg stage 323/345.
[INFO] Enola: Solve for Rydberg stage 324/345.
[INFO] Enola: Solve for Rydberg stage 325/345.
[INFO] Enola: Solve for Rydberg stage 326/345.
[INFO] Enola: Solve for Rydberg stage 327/345.
[INFO] Enola: Solve for Rydberg stage 328/345.
[INFO] Enola: Solve for Rydberg stage 329/345.
[INFO] Enola: Solve for Rydberg stage 330/345.
[INFO] Enola: Solve for Rydberg stage 331/345.
[INFO] Enola: Solve for Rydberg stage 332/345.
[INFO] Enola: Solve for Rydberg stage 333/345.
[INFO] Enola: Solve for Rydberg stage 334/345.
[INFO] Enola: Solve for Rydberg stage 335/345.
[INFO] Enola: Solve for Rydberg stage 336/345.
[INFO] Enola: Solve for Rydberg stage 337/345.
[INFO] Enola: Solve for Rydberg stage 338/345.
[INFO] Enola: Solve for Rydberg stage 339/345.
[INFO] Enola: Solve for Rydberg stage 340/345.
[INFO] Enola: Solve for Rydberg stage 341/345.
[INFO] Enola: Solve for Rydberg stage 342/345.
[INFO] Enola: Solve for Rydberg stage 343/345.
[INFO] Enola: Solve for Rydberg stage 344/345.
[INFO] Enola: Solve for Rydberg stage 345/345.
[INFO] Enola: Solve for Rydberg stage 346/345.
[INFO] Enola: Time for routing: 0.033928871154785156s
[INFO] Enola: Total Time: 8.304734706878662s
Compilation successful.

2026-03-23 11:20:32,752 - BenchmarkManager - INFO - enola (run 1/1) - Running /u/halle/heiz/home_at/BachelorProject/benchmarks/uf_fix20_20-100/uf20-020.qasm
2026-03-23 11:20:32,752 - Compiler.enola - INFO - Array width: 313, Array height: 44, AOD columns: 20, AOD rows: 1
2026-03-23 11:20:41,526 - Compiler.enola - INFO - STDOUT:
[INFO] Enola: Start Solving
[INFO] Enola: Run scheduling
[INFO] Enola: Time for scheduling: 0.00027823448181152344s
313
[INFO] Enola: Time for placement: 7.62939453125e-06s
[INFO] Enola: Solve for Rydberg stage 2/279.
[INFO] Enola: Solve for Rydberg stage 3/279.
[INFO] Enola: Solve for Rydberg stage 4/279.
[INFO] Enola: Solve for Rydberg stage 5/279.
[INFO] Enola: Solve for Rydberg stage 6/279.
[INFO] Enola: Solve for Rydberg stage 7/279.
[INFO] Enola: Solve for Rydberg stage 8/279.
[INFO] Enola: Solve for Rydberg stage 9/279.
[INFO] Enola: Solve for Rydberg stage 10/279.
[INFO] Enola: Solve for Rydberg stage 11/279.
[INFO] Enola: Solve for Rydberg stage 12/279.
[INFO] Enola: Solve for Rydberg stage 13/279.
[INFO] Enola: Solve for Rydberg stage 14/279.
[INFO] Enola: Solve for Rydberg stage 15/279.
[INFO] Enola: Solve for Rydberg stage 16/279.
[INFO] Enola: Solve for Rydberg stage 17/279.
[INFO] Enola: Solve for Rydberg stage 18/279.
[INFO] Enola: Solve for Rydberg stage 19/279.
[INFO] Enola: Solve for Rydberg stage 20/279.
[INFO] Enola: Solve for Rydberg stage 21/279.
[INFO] Enola: Solve for Rydberg stage 22/279.
[INFO] Enola: Solve for Rydberg stage 23/279.
[INFO] Enola: Solve for Rydberg stage 24/279.
[INFO] Enola: Solve for Rydberg stage 25/279.
[INFO] Enola: Solve for Rydberg stage 26/279.
[INFO] Enola: Solve for Rydberg stage 27/279.
[INFO] Enola: Solve for Rydberg stage 28/279.
[INFO] Enola: Solve for Rydberg stage 29/279.
[INFO] Enola: Solve for Rydberg stage 30/279.
[INFO] Enola: Solve for Rydberg stage 31/279.
[INFO] Enola: Solve for Rydberg stage 32/279.
[INFO] Enola: Solve for Rydberg stage 33/279.
[INFO] Enola: Solve for Rydberg stage 34/279.
[INFO] Enola: Solve for Rydberg stage 35/279.
[INFO] Enola: Solve for Rydberg stage 36/279.
[INFO] Enola: Solve for Rydberg stage 37/279.
[INFO] Enola: Solve for Rydberg stage 38/279.
[INFO] Enola: Solve for Rydberg stage 39/279.
[INFO] Enola: Solve for Rydberg stage 40/279.
[INFO] Enola: Solve for Rydberg stage 41/279.
[INFO] Enola: Solve for Rydberg stage 42/279.
[INFO] Enola: Solve for Rydberg stage 43/279.
[INFO] Enola: Solve for Rydberg stage 44/279.
[INFO] Enola: Solve for Rydberg stage 45/279.
[INFO] Enola: Solve for Rydberg stage 46/279.
[INFO] Enola: Solve for Rydberg stage 47/279.
[INFO] Enola: Solve for Rydberg stage 48/279.
[INFO] Enola: Solve for Rydberg stage 49/279.
[INFO] Enola: Solve for Rydberg stage 50/279.
[INFO] Enola: Solve for Rydberg stage 51/279.
[INFO] Enola: Solve for Rydberg stage 52/279.
[INFO] Enola: Solve for Rydberg stage 53/279.
[INFO] Enola: Solve for Rydberg stage 54/279.
[INFO] Enola: Solve for Rydberg stage 55/279.
[INFO] Enola: Solve for Rydberg stage 56/279.
[INFO] Enola: Solve for Rydberg stage 57/279.
[INFO] Enola: Solve for Rydberg stage 58/279.
[INFO] Enola: Solve for Rydberg stage 59/279.
[INFO] Enola: Solve for Rydberg stage 60/279.
[INFO] Enola: Solve for Rydberg stage 61/279.
[INFO] Enola: Solve for Rydberg stage 62/279.
[INFO] Enola: Solve for Rydberg stage 63/279.
[INFO] Enola: Solve for Rydberg stage 64/279.
[INFO] Enola: Solve for Rydberg stage 65/279.
[INFO] Enola: Solve for Rydberg stage 66/279.
[INFO] Enola: Solve for Rydberg stage 67/279.
[INFO] Enola: Solve for Rydberg stage 68/279.
[INFO] Enola: Solve for Rydberg stage 69/279.
[INFO] Enola: Solve for Rydberg stage 70/279.
[INFO] Enola: Solve for Rydberg stage 71/279.
[INFO] Enola: Solve for Rydberg stage 72/279.
[INFO] Enola: Solve for Rydberg stage 73/279.
[INFO] Enola: Solve for Rydberg stage 74/279.
[INFO] Enola: Solve for Rydberg stage 75/279.
[INFO] Enola: Solve for Rydberg stage 76/279.
[INFO] Enola: Solve for Rydberg stage 77/279.
[INFO] Enola: Solve for Rydberg stage 78/279.
[INFO] Enola: Solve for Rydberg stage 79/279.
[INFO] Enola: Solve for Rydberg stage 80/279.
[INFO] Enola: Solve for Rydberg stage 81/279.
[INFO] Enola: Solve for Rydberg stage 82/279.
[INFO] Enola: Solve for Rydberg stage 83/279.
[INFO] Enola: Solve for Rydberg stage 84/279.
[INFO] Enola: Solve for Rydberg stage 85/279.
[INFO] Enola: Solve for Rydberg stage 86/279.
[INFO] Enola: Solve for Rydberg stage 87/279.
[INFO] Enola: Solve for Rydberg stage 88/279.
[INFO] Enola: Solve for Rydberg stage 89/279.
[INFO] Enola: Solve for Rydberg stage 90/279.
[INFO] Enola: Solve for Rydberg stage 91/279.
[INFO] Enola: Solve for Rydberg stage 92/279.
[INFO] Enola: Solve for Rydberg stage 93/279.
[INFO] Enola: Solve for Rydberg stage 94/279.
[INFO] Enola: Solve for Rydberg stage 95/279.
[INFO] Enola: Solve for Rydberg stage 96/279.
[INFO] Enola: Solve for Rydberg stage 97/279.
[INFO] Enola: Solve for Rydberg stage 98/279.
[INFO] Enola: Solve for Rydberg stage 99/279.
[INFO] Enola: Solve for Rydberg stage 100/279.
[INFO] Enola: Solve for Rydberg stage 101/279.
[INFO] Enola: Solve for Rydberg stage 102/279.
[INFO] Enola: Solve for Rydberg stage 103/279.
[INFO] Enola: Solve for Rydberg stage 104/279.
[INFO] Enola: Solve for Rydberg stage 105/279.
[INFO] Enola: Solve for Rydberg stage 106/279.
[INFO] Enola: Solve for Rydberg stage 107/279.
[INFO] Enola: Solve for Rydberg stage 108/279.
[INFO] Enola: Solve for Rydberg stage 109/279.
[INFO] Enola: Solve for Rydberg stage 110/279.
[INFO] Enola: Solve for Rydberg stage 111/279.
[INFO] Enola: Solve for Rydberg stage 112/279.
[INFO] Enola: Solve for Rydberg stage 113/279.
[INFO] Enola: Solve for Rydberg stage 114/279.
[INFO] Enola: Solve for Rydberg stage 115/279.
[INFO] Enola: Solve for Rydberg stage 116/279.
[INFO] Enola: Solve for Rydberg stage 117/279.
[INFO] Enola: Solve for Rydberg stage 118/279.
[INFO] Enola: Solve for Rydberg stage 119/279.
[INFO] Enola: Solve for Rydberg stage 120/279.
[INFO] Enola: Solve for Rydberg stage 121/279.
[INFO] Enola: Solve for Rydberg stage 122/279.
[INFO] Enola: Solve for Rydberg stage 123/279.
[INFO] Enola: Solve for Rydberg stage 124/279.
[INFO] Enola: Solve for Rydberg stage 125/279.
[INFO] Enola: Solve for Rydberg stage 126/279.
[INFO] Enola: Solve for Rydberg stage 127/279.
[INFO] Enola: Solve for Rydberg stage 128/279.
[INFO] Enola: Solve for Rydberg stage 129/279.
[INFO] Enola: Solve for Rydberg stage 130/279.
[INFO] Enola: Solve for Rydberg stage 131/279.
[INFO] Enola: Solve for Rydberg stage 132/279.
[INFO] Enola: Solve for Rydberg stage 133/279.
[INFO] Enola: Solve for Rydberg stage 134/279.
[INFO] Enola: Solve for Rydberg stage 135/279.
[INFO] Enola: Solve for Rydberg stage 136/279.
[INFO] Enola: Solve for Rydberg stage 137/279.
[INFO] Enola: Solve for Rydberg stage 138/279.
[INFO] Enola: Solve for Rydberg stage 139/279.
[INFO] Enola: Solve for Rydberg stage 140/279.
[INFO] Enola: Solve for Rydberg stage 141/279.
[INFO] Enola: Solve for Rydberg stage 142/279.
[INFO] Enola: Solve for Rydberg stage 143/279.
[INFO] Enola: Solve for Rydberg stage 144/279.
[INFO] Enola: Solve for Rydberg stage 145/279.
[INFO] Enola: Solve for Rydberg stage 146/279.
[INFO] Enola: Solve for Rydberg stage 147/279.
[INFO] Enola: Solve for Rydberg stage 148/279.
[INFO] Enola: Solve for Rydberg stage 149/279.
[INFO] Enola: Solve for Rydberg stage 150/279.
[INFO] Enola: Solve for Rydberg stage 151/279.
[INFO] Enola: Solve for Rydberg stage 152/279.
[INFO] Enola: Solve for Rydberg stage 153/279.
[INFO] Enola: Solve for Rydberg stage 154/279.
[INFO] Enola: Solve for Rydberg stage 155/279.
[INFO] Enola: Solve for Rydberg stage 156/279.
[INFO] Enola: Solve for Rydberg stage 157/279.
[INFO] Enola: Solve for Rydberg stage 158/279.
[INFO] Enola: Solve for Rydberg stage 159/279.
[INFO] Enola: Solve for Rydberg stage 160/279.
[INFO] Enola: Solve for Rydberg stage 161/279.
[INFO] Enola: Solve for Rydberg stage 162/279.
[INFO] Enola: Solve for Rydberg stage 163/279.
[INFO] Enola: Solve for Rydberg stage 164/279.
[INFO] Enola: Solve for Rydberg stage 165/279.
[INFO] Enola: Solve for Rydberg stage 166/279.
[INFO] Enola: Solve for Rydberg stage 167/279.
[INFO] Enola: Solve for Rydberg stage 168/279.
[INFO] Enola: Solve for Rydberg stage 169/279.
[INFO] Enola: Solve for Rydberg stage 170/279.
[INFO] Enola: Solve for Rydberg stage 171/279.
[INFO] Enola: Solve for Rydberg stage 172/279.
[INFO] Enola: Solve for Rydberg stage 173/279.
[INFO] Enola: Solve for Rydberg stage 174/279.
[INFO] Enola: Solve for Rydberg stage 175/279.
[INFO] Enola: Solve for Rydberg stage 176/279.
[INFO] Enola: Solve for Rydberg stage 177/279.
[INFO] Enola: Solve for Rydberg stage 178/279.
[INFO] Enola: Solve for Rydberg stage 179/279.
[INFO] Enola: Solve for Rydberg stage 180/279.
[INFO] Enola: Solve for Rydberg stage 181/279.
[INFO] Enola: Solve for Rydberg stage 182/279.
[INFO] Enola: Solve for Rydberg stage 183/279.
[INFO] Enola: Solve for Rydberg stage 184/279.
[INFO] Enola: Solve for Rydberg stage 185/279.
[INFO] Enola: Solve for Rydberg stage 186/279.
[INFO] Enola: Solve for Rydberg stage 187/279.
[INFO] Enola: Solve for Rydberg stage 188/279.
[INFO] Enola: Solve for Rydberg stage 189/279.
[INFO] Enola: Solve for Rydberg stage 190/279.
[INFO] Enola: Solve for Rydberg stage 191/279.
[INFO] Enola: Solve for Rydberg stage 192/279.
[INFO] Enola: Solve for Rydberg stage 193/279.
[INFO] Enola: Solve for Rydberg stage 194/279.
[INFO] Enola: Solve for Rydberg stage 195/279.
[INFO] Enola: Solve for Rydberg stage 196/279.
[INFO] Enola: Solve for Rydberg stage 197/279.
[INFO] Enola: Solve for Rydberg stage 198/279.
[INFO] Enola: Solve for Rydberg stage 199/279.
[INFO] Enola: Solve for Rydberg stage 200/279.
[INFO] Enola: Solve for Rydberg stage 201/279.
[INFO] Enola: Solve for Rydberg stage 202/279.
[INFO] Enola: Solve for Rydberg stage 203/279.
[INFO] Enola: Solve for Rydberg stage 204/279.
[INFO] Enola: Solve for Rydberg stage 205/279.
[INFO] Enola: Solve for Rydberg stage 206/279.
[INFO] Enola: Solve for Rydberg stage 207/279.
[INFO] Enola: Solve for Rydberg stage 208/279.
[INFO] Enola: Solve for Rydberg stage 209/279.
[INFO] Enola: Solve for Rydberg stage 210/279.
[INFO] Enola: Solve for Rydberg stage 211/279.
[INFO] Enola: Solve for Rydberg stage 212/279.
[INFO] Enola: Solve for Rydberg stage 213/279.
[INFO] Enola: Solve for Rydberg stage 214/279.
[INFO] Enola: Solve for Rydberg stage 215/279.
[INFO] Enola: Solve for Rydberg stage 216/279.
[INFO] Enola: Solve for Rydberg stage 217/279.
[INFO] Enola: Solve for Rydberg stage 218/279.
[INFO] Enola: Solve for Rydberg stage 219/279.
[INFO] Enola: Solve for Rydberg stage 220/279.
[INFO] Enola: Solve for Rydberg stage 221/279.
[INFO] Enola: Solve for Rydberg stage 222/279.
[INFO] Enola: Solve for Rydberg stage 223/279.
[INFO] Enola: Solve for Rydberg stage 224/279.
[INFO] Enola: Solve for Rydberg stage 225/279.
[INFO] Enola: Solve for Rydberg stage 226/279.
[INFO] Enola: Solve for Rydberg stage 227/279.
[INFO] Enola: Solve for Rydberg stage 228/279.
[INFO] Enola: Solve for Rydberg stage 229/279.
[INFO] Enola: Solve for Rydberg stage 230/279.
[INFO] Enola: Solve for Rydberg stage 231/279.
[INFO] Enola: Solve for Rydberg stage 232/279.
[INFO] Enola: Solve for Rydberg stage 233/279.
[INFO] Enola: Solve for Rydberg stage 234/279.
[INFO] Enola: Solve for Rydberg stage 235/279.
[INFO] Enola: Solve for Rydberg stage 236/279.
[INFO] Enola: Solve for Rydberg stage 237/279.
[INFO] Enola: Solve for Rydberg stage 238/279.
[INFO] Enola: Solve for Rydberg stage 239/279.
[INFO] Enola: Solve for Rydberg stage 240/279.
[INFO] Enola: Solve for Rydberg stage 241/279.
[INFO] Enola: Solve for Rydberg stage 242/279.
[INFO] Enola: Solve for Rydberg stage 243/279.
[INFO] Enola: Solve for Rydberg stage 244/279.
[INFO] Enola: Solve for Rydberg stage 245/279.
[INFO] Enola: Solve for Rydberg stage 246/279.
[INFO] Enola: Solve for Rydberg stage 247/279.
[INFO] Enola: Solve for Rydberg stage 248/279.
[INFO] Enola: Solve for Rydberg stage 249/279.
[INFO] Enola: Solve for Rydberg stage 250/279.
[INFO] Enola: Solve for Rydberg stage 251/279.
[INFO] Enola: Solve for Rydberg stage 252/279.
[INFO] Enola: Solve for Rydberg stage 253/279.
[INFO] Enola: Solve for Rydberg stage 254/279.
[INFO] Enola: Solve for Rydberg stage 255/279.
[INFO] Enola: Solve for Rydberg stage 256/279.
[INFO] Enola: Solve for Rydberg stage 257/279.
[INFO] Enola: Solve for Rydberg stage 258/279.
[INFO] Enola: Solve for Rydberg stage 259/279.
[INFO] Enola: Solve for Rydberg stage 260/279.
[INFO] Enola: Solve for Rydberg stage 261/279.
[INFO] Enola: Solve for Rydberg stage 262/279.
[INFO] Enola: Solve for Rydberg stage 263/279.
[INFO] Enola: Solve for Rydberg stage 264/279.
[INFO] Enola: Solve for Rydberg stage 265/279.
[INFO] Enola: Solve for Rydberg stage 266/279.
[INFO] Enola: Solve for Rydberg stage 267/279.
[INFO] Enola: Solve for Rydberg stage 268/279.
[INFO] Enola: Solve for Rydberg stage 269/279.
[INFO] Enola: Solve for Rydberg stage 270/279.
[INFO] Enola: Solve for Rydberg stage 271/279.
[INFO] Enola: Solve for Rydberg stage 272/279.
[INFO] Enola: Solve for Rydberg stage 273/279.
[INFO] Enola: Solve for Rydberg stage 274/279.
[INFO] Enola: Solve for Rydberg stage 275/279.
[INFO] Enola: Solve for Rydberg stage 276/279.
[INFO] Enola: Solve for Rydberg stage 277/279.
[INFO] Enola: Solve for Rydberg stage 278/279.
[INFO] Enola: Solve for Rydberg stage 279/279.
[INFO] Enola: Solve for Rydberg stage 280/279.
[INFO] Enola: Time for routing: 0.032215118408203125s
[INFO] Enola: Total Time: 7.881809711456299s
Compilation successful.

2026-03-23 11:20:41,562 - BenchmarkManager - INFO - enola (run 1/1) - Running /u/halle/heiz/home_at/BachelorProject/benchmarks/uf_fix20_20-100/uf20-040.qasm
2026-03-23 11:20:41,562 - Compiler.enola - INFO - Array width: 313, Array height: 44, AOD columns: 20, AOD rows: 1
2026-03-23 11:20:49,999 - Compiler.enola - INFO - STDOUT:
[INFO] Enola: Start Solving
[INFO] Enola: Run scheduling
[INFO] Enola: Time for scheduling: 0.0007379055023193359s
313
[INFO] Enola: Time for placement: 1.0251998901367188e-05s
[INFO] Enola: Solve for Rydberg stage 2/306.
[INFO] Enola: Solve for Rydberg stage 3/306.
[INFO] Enola: Solve for Rydberg stage 4/306.
[INFO] Enola: Solve for Rydberg stage 5/306.
[INFO] Enola: Solve for Rydberg stage 6/306.
[INFO] Enola: Solve for Rydberg stage 7/306.
[INFO] Enola: Solve for Rydberg stage 8/306.
[INFO] Enola: Solve for Rydberg stage 9/306.
[INFO] Enola: Solve for Rydberg stage 10/306.
[INFO] Enola: Solve for Rydberg stage 11/306.
[INFO] Enola: Solve for Rydberg stage 12/306.
[INFO] Enola: Solve for Rydberg stage 13/306.
[INFO] Enola: Solve for Rydberg stage 14/306.
[INFO] Enola: Solve for Rydberg stage 15/306.
[INFO] Enola: Solve for Rydberg stage 16/306.
[INFO] Enola: Solve for Rydberg stage 17/306.
[INFO] Enola: Solve for Rydberg stage 18/306.
[INFO] Enola: Solve for Rydberg stage 19/306.
[INFO] Enola: Solve for Rydberg stage 20/306.
[INFO] Enola: Solve for Rydberg stage 21/306.
[INFO] Enola: Solve for Rydberg stage 22/306.
[INFO] Enola: Solve for Rydberg stage 23/306.
[INFO] Enola: Solve for Rydberg stage 24/306.
[INFO] Enola: Solve for Rydberg stage 25/306.
[INFO] Enola: Solve for Rydberg stage 26/306.
[INFO] Enola: Solve for Rydberg stage 27/306.
[INFO] Enola: Solve for Rydberg stage 28/306.
[INFO] Enola: Solve for Rydberg stage 29/306.
[INFO] Enola: Solve for Rydberg stage 30/306.
[INFO] Enola: Solve for Rydberg stage 31/306.
[INFO] Enola: Solve for Rydberg stage 32/306.
[INFO] Enola: Solve for Rydberg stage 33/306.
[INFO] Enola: Solve for Rydberg stage 34/306.
[INFO] Enola: Solve for Rydberg stage 35/306.
[INFO] Enola: Solve for Rydberg stage 36/306.
[INFO] Enola: Solve for Rydberg stage 37/306.
[INFO] Enola: Solve for Rydberg stage 38/306.
[INFO] Enola: Solve for Rydberg stage 39/306.
[INFO] Enola: Solve for Rydberg stage 40/306.
[INFO] Enola: Solve for Rydberg stage 41/306.
[INFO] Enola: Solve for Rydberg stage 42/306.
[INFO] Enola: Solve for Rydberg stage 43/306.
[INFO] Enola: Solve for Rydberg stage 44/306.
[INFO] Enola: Solve for Rydberg stage 45/306.
[INFO] Enola: Solve for Rydberg stage 46/306.
[INFO] Enola: Solve for Rydberg stage 47/306.
[INFO] Enola: Solve for Rydberg stage 48/306.
[INFO] Enola: Solve for Rydberg stage 49/306.
[INFO] Enola: Solve for Rydberg stage 50/306.
[INFO] Enola: Solve for Rydberg stage 51/306.
[INFO] Enola: Solve for Rydberg stage 52/306.
[INFO] Enola: Solve for Rydberg stage 53/306.
[INFO] Enola: Solve for Rydberg stage 54/306.
[INFO] Enola: Solve for Rydberg stage 55/306.
[INFO] Enola: Solve for Rydberg stage 56/306.
[INFO] Enola: Solve for Rydberg stage 57/306.
[INFO] Enola: Solve for Rydberg stage 58/306.
[INFO] Enola: Solve for Rydberg stage 59/306.
[INFO] Enola: Solve for Rydberg stage 60/306.
[INFO] Enola: Solve for Rydberg stage 61/306.
[INFO] Enola: Solve for Rydberg stage 62/306.
[INFO] Enola: Solve for Rydberg stage 63/306.
[INFO] Enola: Solve for Rydberg stage 64/306.
[INFO] Enola: Solve for Rydberg stage 65/306.
[INFO] Enola: Solve for Rydberg stage 66/306.
[INFO] Enola: Solve for Rydberg stage 67/306.
[INFO] Enola: Solve for Rydberg stage 68/306.
[INFO] Enola: Solve for Rydberg stage 69/306.
[INFO] Enola: Solve for Rydberg stage 70/306.
[INFO] Enola: Solve for Rydberg stage 71/306.
[INFO] Enola: Solve for Rydberg stage 72/306.
[INFO] Enola: Solve for Rydberg stage 73/306.
[INFO] Enola: Solve for Rydberg stage 74/306.
[INFO] Enola: Solve for Rydberg stage 75/306.
[INFO] Enola: Solve for Rydberg stage 76/306.
[INFO] Enola: Solve for Rydberg stage 77/306.
[INFO] Enola: Solve for Rydberg stage 78/306.
[INFO] Enola: Solve for Rydberg stage 79/306.
[INFO] Enola: Solve for Rydberg stage 80/306.
[INFO] Enola: Solve for Rydberg stage 81/306.
[INFO] Enola: Solve for Rydberg stage 82/306.
[INFO] Enola: Solve for Rydberg stage 83/306.
[INFO] Enola: Solve for Rydberg stage 84/306.
[INFO] Enola: Solve for Rydberg stage 85/306.
[INFO] Enola: Solve for Rydberg stage 86/306.
[INFO] Enola: Solve for Rydberg stage 87/306.
[INFO] Enola: Solve for Rydberg stage 88/306.
[INFO] Enola: Solve for Rydberg stage 89/306.
[INFO] Enola: Solve for Rydberg stage 90/306.
[INFO] Enola: Solve for Rydberg stage 91/306.
[INFO] Enola: Solve for Rydberg stage 92/306.
[INFO] Enola: Solve for Rydberg stage 93/306.
[INFO] Enola: Solve for Rydberg stage 94/306.
[INFO] Enola: Solve for Rydberg stage 95/306.
[INFO] Enola: Solve for Rydberg stage 96/306.
[INFO] Enola: Solve for Rydberg stage 97/306.
[INFO] Enola: Solve for Rydberg stage 98/306.
[INFO] Enola: Solve for Rydberg stage 99/306.
[INFO] Enola: Solve for Rydberg stage 100/306.
[INFO] Enola: Solve for Rydberg stage 101/306.
[INFO] Enola: Solve for Rydberg stage 102/306.
[INFO] Enola: Solve for Rydberg stage 103/306.
[INFO] Enola: Solve for Rydberg stage 104/306.
[INFO] Enola: Solve for Rydberg stage 105/306.
[INFO] Enola: Solve for Rydberg stage 106/306.
[INFO] Enola: Solve for Rydberg stage 107/306.
[INFO] Enola: Solve for Rydberg stage 108/306.
[INFO] Enola: Solve for Rydberg stage 109/306.
[INFO] Enola: Solve for Rydberg stage 110/306.
[INFO] Enola: Solve for Rydberg stage 111/306.
[INFO] Enola: Solve for Rydberg stage 112/306.
[INFO] Enola: Solve for Rydberg stage 113/306.
[INFO] Enola: Solve for Rydberg stage 114/306.
[INFO] Enola: Solve for Rydberg stage 115/306.
[INFO] Enola: Solve for Rydberg stage 116/306.
[INFO] Enola: Solve for Rydberg stage 117/306.
[INFO] Enola: Solve for Rydberg stage 118/306.
[INFO] Enola: Solve for Rydberg stage 119/306.
[INFO] Enola: Solve for Rydberg stage 120/306.
[INFO] Enola: Solve for Rydberg stage 121/306.
[INFO] Enola: Solve for Rydberg stage 122/306.
[INFO] Enola: Solve for Rydberg stage 123/306.
[INFO] Enola: Solve for Rydberg stage 124/306.
[INFO] Enola: Solve for Rydberg stage 125/306.
[INFO] Enola: Solve for Rydberg stage 126/306.
[INFO] Enola: Solve for Rydberg stage 127/306.
[INFO] Enola: Solve for Rydberg stage 128/306.
[INFO] Enola: Solve for Rydberg stage 129/306.
[INFO] Enola: Solve for Rydberg stage 130/306.
[INFO] Enola: Solve for Rydberg stage 131/306.
[INFO] Enola: Solve for Rydberg stage 132/306.
[INFO] Enola: Solve for Rydberg stage 133/306.
[INFO] Enola: Solve for Rydberg stage 134/306.
[INFO] Enola: Solve for Rydberg stage 135/306.
[INFO] Enola: Solve for Rydberg stage 136/306.
[INFO] Enola: Solve for Rydberg stage 137/306.
[INFO] Enola: Solve for Rydberg stage 138/306.
[INFO] Enola: Solve for Rydberg stage 139/306.
[INFO] Enola: Solve for Rydberg stage 140/306.
[INFO] Enola: Solve for Rydberg stage 141/306.
[INFO] Enola: Solve for Rydberg stage 142/306.
[INFO] Enola: Solve for Rydberg stage 143/306.
[INFO] Enola: Solve for Rydberg stage 144/306.
[INFO] Enola: Solve for Rydberg stage 145/306.
[INFO] Enola: Solve for Rydberg stage 146/306.
[INFO] Enola: Solve for Rydberg stage 147/306.
[INFO] Enola: Solve for Rydberg stage 148/306.
[INFO] Enola: Solve for Rydberg stage 149/306.
[INFO] Enola: Solve for Rydberg stage 150/306.
[INFO] Enola: Solve for Rydberg stage 151/306.
[INFO] Enola: Solve for Rydberg stage 152/306.
[INFO] Enola: Solve for Rydberg stage 153/306.
[INFO] Enola: Solve for Rydberg stage 154/306.
[INFO] Enola: Solve for Rydberg stage 155/306.
[INFO] Enola: Solve for Rydberg stage 156/306.
[INFO] Enola: Solve for Rydberg stage 157/306.
[INFO] Enola: Solve for Rydberg stage 158/306.
[INFO] Enola: Solve for Rydberg stage 159/306.
[INFO] Enola: Solve for Rydberg stage 160/306.
[INFO] Enola: Solve for Rydberg stage 161/306.
[INFO] Enola: Solve for Rydberg stage 162/306.
[INFO] Enola: Solve for Rydberg stage 163/306.
[INFO] Enola: Solve for Rydberg stage 164/306.
[INFO] Enola: Solve for Rydberg stage 165/306.
[INFO] Enola: Solve for Rydberg stage 166/306.
[INFO] Enola: Solve for Rydberg stage 167/306.
[INFO] Enola: Solve for Rydberg stage 168/306.
[INFO] Enola: Solve for Rydberg stage 169/306.
[INFO] Enola: Solve for Rydberg stage 170/306.
[INFO] Enola: Solve for Rydberg stage 171/306.
[INFO] Enola: Solve for Rydberg stage 172/306.
[INFO] Enola: Solve for Rydberg stage 173/306.
[INFO] Enola: Solve for Rydberg stage 174/306.
[INFO] Enola: Solve for Rydberg stage 175/306.
[INFO] Enola: Solve for Rydberg stage 176/306.
[INFO] Enola: Solve for Rydberg stage 177/306.
[INFO] Enola: Solve for Rydberg stage 178/306.
[INFO] Enola: Solve for Rydberg stage 179/306.
[INFO] Enola: Solve for Rydberg stage 180/306.
[INFO] Enola: Solve for Rydberg stage 181/306.
[INFO] Enola: Solve for Rydberg stage 182/306.
[INFO] Enola: Solve for Rydberg stage 183/306.
[INFO] Enola: Solve for Rydberg stage 184/306.
[INFO] Enola: Solve for Rydberg stage 185/306.
[INFO] Enola: Solve for Rydberg stage 186/306.
[INFO] Enola: Solve for Rydberg stage 187/306.
[INFO] Enola: Solve for Rydberg stage 188/306.
[INFO] Enola: Solve for Rydberg stage 189/306.
[INFO] Enola: Solve for Rydberg stage 190/306.
[INFO] Enola: Solve for Rydberg stage 191/306.
[INFO] Enola: Solve for Rydberg stage 192/306.
[INFO] Enola: Solve for Rydberg stage 193/306.
[INFO] Enola: Solve for Rydberg stage 194/306.
[INFO] Enola: Solve for Rydberg stage 195/306.
[INFO] Enola: Solve for Rydberg stage 196/306.
[INFO] Enola: Solve for Rydberg stage 197/306.
[INFO] Enola: Solve for Rydberg stage 198/306.
[INFO] Enola: Solve for Rydberg stage 199/306.
[INFO] Enola: Solve for Rydberg stage 200/306.
[INFO] Enola: Solve for Rydberg stage 201/306.
[INFO] Enola: Solve for Rydberg stage 202/306.
[INFO] Enola: Solve for Rydberg stage 203/306.
[INFO] Enola: Solve for Rydberg stage 204/306.
[INFO] Enola: Solve for Rydberg stage 205/306.
[INFO] Enola: Solve for Rydberg stage 206/306.
[INFO] Enola: Solve for Rydberg stage 207/306.
[INFO] Enola: Solve for Rydberg stage 208/306.
[INFO] Enola: Solve for Rydberg stage 209/306.
[INFO] Enola: Solve for Rydberg stage 210/306.
[INFO] Enola: Solve for Rydberg stage 211/306.
[INFO] Enola: Solve for Rydberg stage 212/306.
[INFO] Enola: Solve for Rydberg stage 213/306.
[INFO] Enola: Solve for Rydberg stage 214/306.
[INFO] Enola: Solve for Rydberg stage 215/306.
[INFO] Enola: Solve for Rydberg stage 216/306.
[INFO] Enola: Solve for Rydberg stage 217/306.
[INFO] Enola: Solve for Rydberg stage 218/306.
[INFO] Enola: Solve for Rydberg stage 219/306.
[INFO] Enola: Solve for Rydberg stage 220/306.
[INFO] Enola: Solve for Rydberg stage 221/306.
[INFO] Enola: Solve for Rydberg stage 222/306.
[INFO] Enola: Solve for Rydberg stage 223/306.
[INFO] Enola: Solve for Rydberg stage 224/306.
[INFO] Enola: Solve for Rydberg stage 225/306.
[INFO] Enola: Solve for Rydberg stage 226/306.
[INFO] Enola: Solve for Rydberg stage 227/306.
[INFO] Enola: Solve for Rydberg stage 228/306.
[INFO] Enola: Solve for Rydberg stage 229/306.
[INFO] Enola: Solve for Rydberg stage 230/306.
[INFO] Enola: Solve for Rydberg stage 231/306.
[INFO] Enola: Solve for Rydberg stage 232/306.
[INFO] Enola: Solve for Rydberg stage 233/306.
[INFO] Enola: Solve for Rydberg stage 234/306.
[INFO] Enola: Solve for Rydberg stage 235/306.
[INFO] Enola: Solve for Rydberg stage 236/306.
[INFO] Enola: Solve for Rydberg stage 237/306.
[INFO] Enola: Solve for Rydberg stage 238/306.
[INFO] Enola: Solve for Rydberg stage 239/306.
[INFO] Enola: Solve for Rydberg stage 240/306.
[INFO] Enola: Solve for Rydberg stage 241/306.
[INFO] Enola: Solve for Rydberg stage 242/306.
[INFO] Enola: Solve for Rydberg stage 243/306.
[INFO] Enola: Solve for Rydberg stage 244/306.
[INFO] Enola: Solve for Rydberg stage 245/306.
[INFO] Enola: Solve for Rydberg stage 246/306.
[INFO] Enola: Solve for Rydberg stage 247/306.
[INFO] Enola: Solve for Rydberg stage 248/306.
[INFO] Enola: Solve for Rydberg stage 249/306.
[INFO] Enola: Solve for Rydberg stage 250/306.
[INFO] Enola: Solve for Rydberg stage 251/306.
[INFO] Enola: Solve for Rydberg stage 252/306.
[INFO] Enola: Solve for Rydberg stage 253/306.
[INFO] Enola: Solve for Rydberg stage 254/306.
[INFO] Enola: Solve for Rydberg stage 255/306.
[INFO] Enola: Solve for Rydberg stage 256/306.
[INFO] Enola: Solve for Rydberg stage 257/306.
[INFO] Enola: Solve for Rydberg stage 258/306.
[INFO] Enola: Solve for Rydberg stage 259/306.
[INFO] Enola: Solve for Rydberg stage 260/306.
[INFO] Enola: Solve for Rydberg stage 261/306.
[INFO] Enola: Solve for Rydberg stage 262/306.
[INFO] Enola: Solve for Rydberg stage 263/306.
[INFO] Enola: Solve for Rydberg stage 264/306.
[INFO] Enola: Solve for Rydberg stage 265/306.
[INFO] Enola: Solve for Rydberg stage 266/306.
[INFO] Enola: Solve for Rydberg stage 267/306.
[INFO] Enola: Solve for Rydberg stage 268/306.
[INFO] Enola: Solve for Rydberg stage 269/306.
[INFO] Enola: Solve for Rydberg stage 270/306.
[INFO] Enola: Solve for Rydberg stage 271/306.
[INFO] Enola: Solve for Rydberg stage 272/306.
[INFO] Enola: Solve for Rydberg stage 273/306.
[INFO] Enola: Solve for Rydberg stage 274/306.
[INFO] Enola: Solve for Rydberg stage 275/306.
[INFO] Enola: Solve for Rydberg stage 276/306.
[INFO] Enola: Solve for Rydberg stage 277/306.
[INFO] Enola: Solve for Rydberg stage 278/306.
[INFO] Enola: Solve for Rydberg stage 279/306.
[INFO] Enola: Solve for Rydberg stage 280/306.
[INFO] Enola: Solve for Rydberg stage 281/306.
[INFO] Enola: Solve for Rydberg stage 282/306.
[INFO] Enola: Solve for Rydberg stage 283/306.
[INFO] Enola: Solve for Rydberg stage 284/306.
[INFO] Enola: Solve for Rydberg stage 285/306.
[INFO] Enola: Solve for Rydberg stage 286/306.
[INFO] Enola: Solve for Rydberg stage 287/306.
[INFO] Enola: Solve for Rydberg stage 288/306.
[INFO] Enola: Solve for Rydberg stage 289/306.
[INFO] Enola: Solve for Rydberg stage 290/306.
[INFO] Enola: Solve for Rydberg stage 291/306.
[INFO] Enola: Solve for Rydberg stage 292/306.
[INFO] Enola: Solve for Rydberg stage 293/306.
[INFO] Enola: Solve for Rydberg stage 294/306.
[INFO] Enola: Solve for Rydberg stage 295/306.
[INFO] Enola: Solve for Rydberg stage 296/306.
[INFO] Enola: Solve for Rydberg stage 297/306.
[INFO] Enola: Solve for Rydberg stage 298/306.
[INFO] Enola: Solve for Rydberg stage 299/306.
[INFO] Enola: Solve for Rydberg stage 300/306.
[INFO] Enola: Solve for Rydberg stage 301/306.
[INFO] Enola: Solve for Rydberg stage 302/306.
[INFO] Enola: Solve for Rydberg stage 303/306.
[INFO] Enola: Solve for Rydberg stage 304/306.
[INFO] Enola: Solve for Rydberg stage 305/306.
[INFO] Enola: Solve for Rydberg stage 306/306.
[INFO] Enola: Solve for Rydberg stage 307/306.
[INFO] Enola: Time for routing: 0.030240774154663086s
[INFO] Enola: Total Time: 7.553664922714233s
Compilation successful.

2026-03-23 11:20:50,032 - BenchmarkManager - INFO - enola (run 1/1) - Running /u/halle/heiz/home_at/BachelorProject/benchmarks/uf_fix20_20-100/uf20-060.qasm
2026-03-23 11:20:50,032 - Compiler.enola - INFO - Array width: 313, Array height: 52, AOD columns: 20, AOD rows: 1
2026-03-23 11:20:58,608 - Compiler.enola - INFO - STDOUT:
[INFO] Enola: Start Solving
[INFO] Enola: Run scheduling
[INFO] Enola: Time for scheduling: 0.0006926059722900391s
313
[INFO] Enola: Time for placement: 1.0728836059570312e-05s
[INFO] Enola: Solve for Rydberg stage 2/308.
[INFO] Enola: Solve for Rydberg stage 3/308.
[INFO] Enola: Solve for Rydberg stage 4/308.
[INFO] Enola: Solve for Rydberg stage 5/308.
[INFO] Enola: Solve for Rydberg stage 6/308.
[INFO] Enola: Solve for Rydberg stage 7/308.
[INFO] Enola: Solve for Rydberg stage 8/308.
[INFO] Enola: Solve for Rydberg stage 9/308.
[INFO] Enola: Solve for Rydberg stage 10/308.
[INFO] Enola: Solve for Rydberg stage 11/308.
[INFO] Enola: Solve for Rydberg stage 12/308.
[INFO] Enola: Solve for Rydberg stage 13/308.
[INFO] Enola: Solve for Rydberg stage 14/308.
[INFO] Enola: Solve for Rydberg stage 15/308.
[INFO] Enola: Solve for Rydberg stage 16/308.
[INFO] Enola: Solve for Rydberg stage 17/308.
[INFO] Enola: Solve for Rydberg stage 18/308.
[INFO] Enola: Solve for Rydberg stage 19/308.
[INFO] Enola: Solve for Rydberg stage 20/308.
[INFO] Enola: Solve for Rydberg stage 21/308.
[INFO] Enola: Solve for Rydberg stage 22/308.
[INFO] Enola: Solve for Rydberg stage 23/308.
[INFO] Enola: Solve for Rydberg stage 24/308.
[INFO] Enola: Solve for Rydberg stage 25/308.
[INFO] Enola: Solve for Rydberg stage 26/308.
[INFO] Enola: Solve for Rydberg stage 27/308.
[INFO] Enola: Solve for Rydberg stage 28/308.
[INFO] Enola: Solve for Rydberg stage 29/308.
[INFO] Enola: Solve for Rydberg stage 30/308.
[INFO] Enola: Solve for Rydberg stage 31/308.
[INFO] Enola: Solve for Rydberg stage 32/308.
[INFO] Enola: Solve for Rydberg stage 33/308.
[INFO] Enola: Solve for Rydberg stage 34/308.
[INFO] Enola: Solve for Rydberg stage 35/308.
[INFO] Enola: Solve for Rydberg stage 36/308.
[INFO] Enola: Solve for Rydberg stage 37/308.
[INFO] Enola: Solve for Rydberg stage 38/308.
[INFO] Enola: Solve for Rydberg stage 39/308.
[INFO] Enola: Solve for Rydberg stage 40/308.
[INFO] Enola: Solve for Rydberg stage 41/308.
[INFO] Enola: Solve for Rydberg stage 42/308.
[INFO] Enola: Solve for Rydberg stage 43/308.
[INFO] Enola: Solve for Rydberg stage 44/308.
[INFO] Enola: Solve for Rydberg stage 45/308.
[INFO] Enola: Solve for Rydberg stage 46/308.
[INFO] Enola: Solve for Rydberg stage 47/308.
[INFO] Enola: Solve for Rydberg stage 48/308.
[INFO] Enola: Solve for Rydberg stage 49/308.
[INFO] Enola: Solve for Rydberg stage 50/308.
[INFO] Enola: Solve for Rydberg stage 51/308.
[INFO] Enola: Solve for Rydberg stage 52/308.
[INFO] Enola: Solve for Rydberg stage 53/308.
[INFO] Enola: Solve for Rydberg stage 54/308.
[INFO] Enola: Solve for Rydberg stage 55/308.
[INFO] Enola: Solve for Rydberg stage 56/308.
[INFO] Enola: Solve for Rydberg stage 57/308.
[INFO] Enola: Solve for Rydberg stage 58/308.
[INFO] Enola: Solve for Rydberg stage 59/308.
[INFO] Enola: Solve for Rydberg stage 60/308.
[INFO] Enola: Solve for Rydberg stage 61/308.
[INFO] Enola: Solve for Rydberg stage 62/308.
[INFO] Enola: Solve for Rydberg stage 63/308.
[INFO] Enola: Solve for Rydberg stage 64/308.
[INFO] Enola: Solve for Rydberg stage 65/308.
[INFO] Enola: Solve for Rydberg stage 66/308.
[INFO] Enola: Solve for Rydberg stage 67/308.
[INFO] Enola: Solve for Rydberg stage 68/308.
[INFO] Enola: Solve for Rydberg stage 69/308.
[INFO] Enola: Solve for Rydberg stage 70/308.
[INFO] Enola: Solve for Rydberg stage 71/308.
[INFO] Enola: Solve for Rydberg stage 72/308.
[INFO] Enola: Solve for Rydberg stage 73/308.
[INFO] Enola: Solve for Rydberg stage 74/308.
[INFO] Enola: Solve for Rydberg stage 75/308.
[INFO] Enola: Solve for Rydberg stage 76/308.
[INFO] Enola: Solve for Rydberg stage 77/308.
[INFO] Enola: Solve for Rydberg stage 78/308.
[INFO] Enola: Solve for Rydberg stage 79/308.
[INFO] Enola: Solve for Rydberg stage 80/308.
[INFO] Enola: Solve for Rydberg stage 81/308.
[INFO] Enola: Solve for Rydberg stage 82/308.
[INFO] Enola: Solve for Rydberg stage 83/308.
[INFO] Enola: Solve for Rydberg stage 84/308.
[INFO] Enola: Solve for Rydberg stage 85/308.
[INFO] Enola: Solve for Rydberg stage 86/308.
[INFO] Enola: Solve for Rydberg stage 87/308.
[INFO] Enola: Solve for Rydberg stage 88/308.
[INFO] Enola: Solve for Rydberg stage 89/308.
[INFO] Enola: Solve for Rydberg stage 90/308.
[INFO] Enola: Solve for Rydberg stage 91/308.
[INFO] Enola: Solve for Rydberg stage 92/308.
[INFO] Enola: Solve for Rydberg stage 93/308.
[INFO] Enola: Solve for Rydberg stage 94/308.
[INFO] Enola: Solve for Rydberg stage 95/308.
[INFO] Enola: Solve for Rydberg stage 96/308.
[INFO] Enola: Solve for Rydberg stage 97/308.
[INFO] Enola: Solve for Rydberg stage 98/308.
[INFO] Enola: Solve for Rydberg stage 99/308.
[INFO] Enola: Solve for Rydberg stage 100/308.
[INFO] Enola: Solve for Rydberg stage 101/308.
[INFO] Enola: Solve for Rydberg stage 102/308.
[INFO] Enola: Solve for Rydberg stage 103/308.
[INFO] Enola: Solve for Rydberg stage 104/308.
[INFO] Enola: Solve for Rydberg stage 105/308.
[INFO] Enola: Solve for Rydberg stage 106/308.
[INFO] Enola: Solve for Rydberg stage 107/308.
[INFO] Enola: Solve for Rydberg stage 108/308.
[INFO] Enola: Solve for Rydberg stage 109/308.
[INFO] Enola: Solve for Rydberg stage 110/308.
[INFO] Enola: Solve for Rydberg stage 111/308.
[INFO] Enola: Solve for Rydberg stage 112/308.
[INFO] Enola: Solve for Rydberg stage 113/308.
[INFO] Enola: Solve for Rydberg stage 114/308.
[INFO] Enola: Solve for Rydberg stage 115/308.
[INFO] Enola: Solve for Rydberg stage 116/308.
[INFO] Enola: Solve for Rydberg stage 117/308.
[INFO] Enola: Solve for Rydberg stage 118/308.
[INFO] Enola: Solve for Rydberg stage 119/308.
[INFO] Enola: Solve for Rydberg stage 120/308.
[INFO] Enola: Solve for Rydberg stage 121/308.
[INFO] Enola: Solve for Rydberg stage 122/308.
[INFO] Enola: Solve for Rydberg stage 123/308.
[INFO] Enola: Solve for Rydberg stage 124/308.
[INFO] Enola: Solve for Rydberg stage 125/308.
[INFO] Enola: Solve for Rydberg stage 126/308.
[INFO] Enola: Solve for Rydberg stage 127/308.
[INFO] Enola: Solve for Rydberg stage 128/308.
[INFO] Enola: Solve for Rydberg stage 129/308.
[INFO] Enola: Solve for Rydberg stage 130/308.
[INFO] Enola: Solve for Rydberg stage 131/308.
[INFO] Enola: Solve for Rydberg stage 132/308.
[INFO] Enola: Solve for Rydberg stage 133/308.
[INFO] Enola: Solve for Rydberg stage 134/308.
[INFO] Enola: Solve for Rydberg stage 135/308.
[INFO] Enola: Solve for Rydberg stage 136/308.
[INFO] Enola: Solve for Rydberg stage 137/308.
[INFO] Enola: Solve for Rydberg stage 138/308.
[INFO] Enola: Solve for Rydberg stage 139/308.
[INFO] Enola: Solve for Rydberg stage 140/308.
[INFO] Enola: Solve for Rydberg stage 141/308.
[INFO] Enola: Solve for Rydberg stage 142/308.
[INFO] Enola: Solve for Rydberg stage 143/308.
[INFO] Enola: Solve for Rydberg stage 144/308.
[INFO] Enola: Solve for Rydberg stage 145/308.
[INFO] Enola: Solve for Rydberg stage 146/308.
[INFO] Enola: Solve for Rydberg stage 147/308.
[INFO] Enola: Solve for Rydberg stage 148/308.
[INFO] Enola: Solve for Rydberg stage 149/308.
[INFO] Enola: Solve for Rydberg stage 150/308.
[INFO] Enola: Solve for Rydberg stage 151/308.
[INFO] Enola: Solve for Rydberg stage 152/308.
[INFO] Enola: Solve for Rydberg stage 153/308.
[INFO] Enola: Solve for Rydberg stage 154/308.
[INFO] Enola: Solve for Rydberg stage 155/308.
[INFO] Enola: Solve for Rydberg stage 156/308.
[INFO] Enola: Solve for Rydberg stage 157/308.
[INFO] Enola: Solve for Rydberg stage 158/308.
[INFO] Enola: Solve for Rydberg stage 159/308.
[INFO] Enola: Solve for Rydberg stage 160/308.
[INFO] Enola: Solve for Rydberg stage 161/308.
[INFO] Enola: Solve for Rydberg stage 162/308.
[INFO] Enola: Solve for Rydberg stage 163/308.
[INFO] Enola: Solve for Rydberg stage 164/308.
[INFO] Enola: Solve for Rydberg stage 165/308.
[INFO] Enola: Solve for Rydberg stage 166/308.
[INFO] Enola: Solve for Rydberg stage 167/308.
[INFO] Enola: Solve for Rydberg stage 168/308.
[INFO] Enola: Solve for Rydberg stage 169/308.
[INFO] Enola: Solve for Rydberg stage 170/308.
[INFO] Enola: Solve for Rydberg stage 171/308.
[INFO] Enola: Solve for Rydberg stage 172/308.
[INFO] Enola: Solve for Rydberg stage 173/308.
[INFO] Enola: Solve for Rydberg stage 174/308.
[INFO] Enola: Solve for Rydberg stage 175/308.
[INFO] Enola: Solve for Rydberg stage 176/308.
[INFO] Enola: Solve for Rydberg stage 177/308.
[INFO] Enola: Solve for Rydberg stage 178/308.
[INFO] Enola: Solve for Rydberg stage 179/308.
[INFO] Enola: Solve for Rydberg stage 180/308.
[INFO] Enola: Solve for Rydberg stage 181/308.
[INFO] Enola: Solve for Rydberg stage 182/308.
[INFO] Enola: Solve for Rydberg stage 183/308.
[INFO] Enola: Solve for Rydberg stage 184/308.
[INFO] Enola: Solve for Rydberg stage 185/308.
[INFO] Enola: Solve for Rydberg stage 186/308.
[INFO] Enola: Solve for Rydberg stage 187/308.
[INFO] Enola: Solve for Rydberg stage 188/308.
[INFO] Enola: Solve for Rydberg stage 189/308.
[INFO] Enola: Solve for Rydberg stage 190/308.
[INFO] Enola: Solve for Rydberg stage 191/308.
[INFO] Enola: Solve for Rydberg stage 192/308.
[INFO] Enola: Solve for Rydberg stage 193/308.
[INFO] Enola: Solve for Rydberg stage 194/308.
[INFO] Enola: Solve for Rydberg stage 195/308.
[INFO] Enola: Solve for Rydberg stage 196/308.
[INFO] Enola: Solve for Rydberg stage 197/308.
[INFO] Enola: Solve for Rydberg stage 198/308.
[INFO] Enola: Solve for Rydberg stage 199/308.
[INFO] Enola: Solve for Rydberg stage 200/308.
[INFO] Enola: Solve for Rydberg stage 201/308.
[INFO] Enola: Solve for Rydberg stage 202/308.
[INFO] Enola: Solve for Rydberg stage 203/308.
[INFO] Enola: Solve for Rydberg stage 204/308.
[INFO] Enola: Solve for Rydberg stage 205/308.
[INFO] Enola: Solve for Rydberg stage 206/308.
[INFO] Enola: Solve for Rydberg stage 207/308.
[INFO] Enola: Solve for Rydberg stage 208/308.
[INFO] Enola: Solve for Rydberg stage 209/308.
[INFO] Enola: Solve for Rydberg stage 210/308.
[INFO] Enola: Solve for Rydberg stage 211/308.
[INFO] Enola: Solve for Rydberg stage 212/308.
[INFO] Enola: Solve for Rydberg stage 213/308.
[INFO] Enola: Solve for Rydberg stage 214/308.
[INFO] Enola: Solve for Rydberg stage 215/308.
[INFO] Enola: Solve for Rydberg stage 216/308.
[INFO] Enola: Solve for Rydberg stage 217/308.
[INFO] Enola: Solve for Rydberg stage 218/308.
[INFO] Enola: Solve for Rydberg stage 219/308.
[INFO] Enola: Solve for Rydberg stage 220/308.
[INFO] Enola: Solve for Rydberg stage 221/308.
[INFO] Enola: Solve for Rydberg stage 222/308.
[INFO] Enola: Solve for Rydberg stage 223/308.
[INFO] Enola: Solve for Rydberg stage 224/308.
[INFO] Enola: Solve for Rydberg stage 225/308.
[INFO] Enola: Solve for Rydberg stage 226/308.
[INFO] Enola: Solve for Rydberg stage 227/308.
[INFO] Enola: Solve for Rydberg stage 228/308.
[INFO] Enola: Solve for Rydberg stage 229/308.
[INFO] Enola: Solve for Rydberg stage 230/308.
[INFO] Enola: Solve for Rydberg stage 231/308.
[INFO] Enola: Solve for Rydberg stage 232/308.
[INFO] Enola: Solve for Rydberg stage 233/308.
[INFO] Enola: Solve for Rydberg stage 234/308.
[INFO] Enola: Solve for Rydberg stage 235/308.
[INFO] Enola: Solve for Rydberg stage 236/308.
[INFO] Enola: Solve for Rydberg stage 237/308.
[INFO] Enola: Solve for Rydberg stage 238/308.
[INFO] Enola: Solve for Rydberg stage 239/308.
[INFO] Enola: Solve for Rydberg stage 240/308.
[INFO] Enola: Solve for Rydberg stage 241/308.
[INFO] Enola: Solve for Rydberg stage 242/308.
[INFO] Enola: Solve for Rydberg stage 243/308.
[INFO] Enola: Solve for Rydberg stage 244/308.
[INFO] Enola: Solve for Rydberg stage 245/308.
[INFO] Enola: Solve for Rydberg stage 246/308.
[INFO] Enola: Solve for Rydberg stage 247/308.
[INFO] Enola: Solve for Rydberg stage 248/308.
[INFO] Enola: Solve for Rydberg stage 249/308.
[INFO] Enola: Solve for Rydberg stage 250/308.
[INFO] Enola: Solve for Rydberg stage 251/308.
[INFO] Enola: Solve for Rydberg stage 252/308.
[INFO] Enola: Solve for Rydberg stage 253/308.
[INFO] Enola: Solve for Rydberg stage 254/308.
[INFO] Enola: Solve for Rydberg stage 255/308.
[INFO] Enola: Solve for Rydberg stage 256/308.
[INFO] Enola: Solve for Rydberg stage 257/308.
[INFO] Enola: Solve for Rydberg stage 258/308.
[INFO] Enola: Solve for Rydberg stage 259/308.
[INFO] Enola: Solve for Rydberg stage 260/308.
[INFO] Enola: Solve for Rydberg stage 261/308.
[INFO] Enola: Solve for Rydberg stage 262/308.
[INFO] Enola: Solve for Rydberg stage 263/308.
[INFO] Enola: Solve for Rydberg stage 264/308.
[INFO] Enola: Solve for Rydberg stage 265/308.
[INFO] Enola: Solve for Rydberg stage 266/308.
[INFO] Enola: Solve for Rydberg stage 267/308.
[INFO] Enola: Solve for Rydberg stage 268/308.
[INFO] Enola: Solve for Rydberg stage 269/308.
[INFO] Enola: Solve for Rydberg stage 270/308.
[INFO] Enola: Solve for Rydberg stage 271/308.
[INFO] Enola: Solve for Rydberg stage 272/308.
[INFO] Enola: Solve for Rydberg stage 273/308.
[INFO] Enola: Solve for Rydberg stage 274/308.
[INFO] Enola: Solve for Rydberg stage 275/308.
[INFO] Enola: Solve for Rydberg stage 276/308.
[INFO] Enola: Solve for Rydberg stage 277/308.
[INFO] Enola: Solve for Rydberg stage 278/308.
[INFO] Enola: Solve for Rydberg stage 279/308.
[INFO] Enola: Solve for Rydberg stage 280/308.
[INFO] Enola: Solve for Rydberg stage 281/308.
[INFO] Enola: Solve for Rydberg stage 282/308.
[INFO] Enola: Solve for Rydberg stage 283/308.
[INFO] Enola: Solve for Rydberg stage 284/308.
[INFO] Enola: Solve for Rydberg stage 285/308.
[INFO] Enola: Solve for Rydberg stage 286/308.
[INFO] Enola: Solve for Rydberg stage 287/308.
[INFO] Enola: Solve for Rydberg stage 288/308.
[INFO] Enola: Solve for Rydberg stage 289/308.
[INFO] Enola: Solve for Rydberg stage 290/308.
[INFO] Enola: Solve for Rydberg stage 291/308.
[INFO] Enola: Solve for Rydberg stage 292/308.
[INFO] Enola: Solve for Rydberg stage 293/308.
[INFO] Enola: Solve for Rydberg stage 294/308.
[INFO] Enola: Solve for Rydberg stage 295/308.
[INFO] Enola: Solve for Rydberg stage 296/308.
[INFO] Enola: Solve for Rydberg stage 297/308.
[INFO] Enola: Solve for Rydberg stage 298/308.
[INFO] Enola: Solve for Rydberg stage 299/308.
[INFO] Enola: Solve for Rydberg stage 300/308.
[INFO] Enola: Solve for Rydberg stage 301/308.
[INFO] Enola: Solve for Rydberg stage 302/308.
[INFO] Enola: Solve for Rydberg stage 303/308.
[INFO] Enola: Solve for Rydberg stage 304/308.
[INFO] Enola: Solve for Rydberg stage 305/308.
[INFO] Enola: Solve for Rydberg stage 306/308.
[INFO] Enola: Solve for Rydberg stage 307/308.
[INFO] Enola: Solve for Rydberg stage 308/308.
[INFO] Enola: Solve for Rydberg stage 309/308.
[INFO] Enola: Time for routing: 0.031493186950683594s
[INFO] Enola: Total Time: 7.627974271774292s
Compilation successful.

2026-03-23 11:20:58,641 - BenchmarkManager - INFO - enola (run 1/1) - Running /u/halle/heiz/home_at/BachelorProject/benchmarks/uf_fix20_20-100/uf20-080.qasm
2026-03-23 11:20:58,641 - Compiler.enola - INFO - Array width: 313, Array height: 48, AOD columns: 20, AOD rows: 1
2026-03-23 11:21:08,931 - Compiler.enola - INFO - STDOUT:
[INFO] Enola: Start Solving
[INFO] Enola: Run scheduling
[INFO] Enola: Time for scheduling: 0.0006084442138671875s
313
[INFO] Enola: Time for placement: 5.4836273193359375e-06s
[INFO] Enola: Solve for Rydberg stage 2/325.
[INFO] Enola: Solve for Rydberg stage 3/325.
[INFO] Enola: Solve for Rydberg stage 4/325.
[INFO] Enola: Solve for Rydberg stage 5/325.
[INFO] Enola: Solve for Rydberg stage 6/325.
[INFO] Enola: Solve for Rydberg stage 7/325.
[INFO] Enola: Solve for Rydberg stage 8/325.
[INFO] Enola: Solve for Rydberg stage 9/325.
[INFO] Enola: Solve for Rydberg stage 10/325.
[INFO] Enola: Solve for Rydberg stage 11/325.
[INFO] Enola: Solve for Rydberg stage 12/325.
[INFO] Enola: Solve for Rydberg stage 13/325.
[INFO] Enola: Solve for Rydberg stage 14/325.
[INFO] Enola: Solve for Rydberg stage 15/325.
[INFO] Enola: Solve for Rydberg stage 16/325.
[INFO] Enola: Solve for Rydberg stage 17/325.
[INFO] Enola: Solve for Rydberg stage 18/325.
[INFO] Enola: Solve for Rydberg stage 19/325.
[INFO] Enola: Solve for Rydberg stage 20/325.
[INFO] Enola: Solve for Rydberg stage 21/325.
[INFO] Enola: Solve for Rydberg stage 22/325.
[INFO] Enola: Solve for Rydberg stage 23/325.
[INFO] Enola: Solve for Rydberg stage 24/325.
[INFO] Enola: Solve for Rydberg stage 25/325.
[INFO] Enola: Solve for Rydberg stage 26/325.
[INFO] Enola: Solve for Rydberg stage 27/325.
[INFO] Enola: Solve for Rydberg stage 28/325.
[INFO] Enola: Solve for Rydberg stage 29/325.
[INFO] Enola: Solve for Rydberg stage 30/325.
[INFO] Enola: Solve for Rydberg stage 31/325.
[INFO] Enola: Solve for Rydberg stage 32/325.
[INFO] Enola: Solve for Rydberg stage 33/325.
[INFO] Enola: Solve for Rydberg stage 34/325.
[INFO] Enola: Solve for Rydberg stage 35/325.
[INFO] Enola: Solve for Rydberg stage 36/325.
[INFO] Enola: Solve for Rydberg stage 37/325.
[INFO] Enola: Solve for Rydberg stage 38/325.
[INFO] Enola: Solve for Rydberg stage 39/325.
[INFO] Enola: Solve for Rydberg stage 40/325.
[INFO] Enola: Solve for Rydberg stage 41/325.
[INFO] Enola: Solve for Rydberg stage 42/325.
[INFO] Enola: Solve for Rydberg stage 43/325.
[INFO] Enola: Solve for Rydberg stage 44/325.
[INFO] Enola: Solve for Rydberg stage 45/325.
[INFO] Enola: Solve for Rydberg stage 46/325.
[INFO] Enola: Solve for Rydberg stage 47/325.
[INFO] Enola: Solve for Rydberg stage 48/325.
[INFO] Enola: Solve for Rydberg stage 49/325.
[INFO] Enola: Solve for Rydberg stage 50/325.
[INFO] Enola: Solve for Rydberg stage 51/325.
[INFO] Enola: Solve for Rydberg stage 52/325.
[INFO] Enola: Solve for Rydberg stage 53/325.
[INFO] Enola: Solve for Rydberg stage 54/325.
[INFO] Enola: Solve for Rydberg stage 55/325.
[INFO] Enola: Solve for Rydberg stage 56/325.
[INFO] Enola: Solve for Rydberg stage 57/325.
[INFO] Enola: Solve for Rydberg stage 58/325.
[INFO] Enola: Solve for Rydberg stage 59/325.
[INFO] Enola: Solve for Rydberg stage 60/325.
[INFO] Enola: Solve for Rydberg stage 61/325.
[INFO] Enola: Solve for Rydberg stage 62/325.
[INFO] Enola: Solve for Rydberg stage 63/325.
[INFO] Enola: Solve for Rydberg stage 64/325.
[INFO] Enola: Solve for Rydberg stage 65/325.
[INFO] Enola: Solve for Rydberg stage 66/325.
[INFO] Enola: Solve for Rydberg stage 67/325.
[INFO] Enola: Solve for Rydberg stage 68/325.
[INFO] Enola: Solve for Rydberg stage 69/325.
[INFO] Enola: Solve for Rydberg stage 70/325.
[INFO] Enola: Solve for Rydberg stage 71/325.
[INFO] Enola: Solve for Rydberg stage 72/325.
[INFO] Enola: Solve for Rydberg stage 73/325.
[INFO] Enola: Solve for Rydberg stage 74/325.
[INFO] Enola: Solve for Rydberg stage 75/325.
[INFO] Enola: Solve for Rydberg stage 76/325.
[INFO] Enola: Solve for Rydberg stage 77/325.
[INFO] Enola: Solve for Rydberg stage 78/325.
[INFO] Enola: Solve for Rydberg stage 79/325.
[INFO] Enola: Solve for Rydberg stage 80/325.
[INFO] Enola: Solve for Rydberg stage 81/325.
[INFO] Enola: Solve for Rydberg stage 82/325.
[INFO] Enola: Solve for Rydberg stage 83/325.
[INFO] Enola: Solve for Rydberg stage 84/325.
[INFO] Enola: Solve for Rydberg stage 85/325.
[INFO] Enola: Solve for Rydberg stage 86/325.
[INFO] Enola: Solve for Rydberg stage 87/325.
[INFO] Enola: Solve for Rydberg stage 88/325.
[INFO] Enola: Solve for Rydberg stage 89/325.
[INFO] Enola: Solve for Rydberg stage 90/325.
[INFO] Enola: Solve for Rydberg stage 91/325.
[INFO] Enola: Solve for Rydberg stage 92/325.
[INFO] Enola: Solve for Rydberg stage 93/325.
[INFO] Enola: Solve for Rydberg stage 94/325.
[INFO] Enola: Solve for Rydberg stage 95/325.
[INFO] Enola: Solve for Rydberg stage 96/325.
[INFO] Enola: Solve for Rydberg stage 97/325.
[INFO] Enola: Solve for Rydberg stage 98/325.
[INFO] Enola: Solve for Rydberg stage 99/325.
[INFO] Enola: Solve for Rydberg stage 100/325.
[INFO] Enola: Solve for Rydberg stage 101/325.
[INFO] Enola: Solve for Rydberg stage 102/325.
[INFO] Enola: Solve for Rydberg stage 103/325.
[INFO] Enola: Solve for Rydberg stage 104/325.
[INFO] Enola: Solve for Rydberg stage 105/325.
[INFO] Enola: Solve for Rydberg stage 106/325.
[INFO] Enola: Solve for Rydberg stage 107/325.
[INFO] Enola: Solve for Rydberg stage 108/325.
[INFO] Enola: Solve for Rydberg stage 109/325.
[INFO] Enola: Solve for Rydberg stage 110/325.
[INFO] Enola: Solve for Rydberg stage 111/325.
[INFO] Enola: Solve for Rydberg stage 112/325.
[INFO] Enola: Solve for Rydberg stage 113/325.
[INFO] Enola: Solve for Rydberg stage 114/325.
[INFO] Enola: Solve for Rydberg stage 115/325.
[INFO] Enola: Solve for Rydberg stage 116/325.
[INFO] Enola: Solve for Rydberg stage 117/325.
[INFO] Enola: Solve for Rydberg stage 118/325.
[INFO] Enola: Solve for Rydberg stage 119/325.
[INFO] Enola: Solve for Rydberg stage 120/325.
[INFO] Enola: Solve for Rydberg stage 121/325.
[INFO] Enola: Solve for Rydberg stage 122/325.
[INFO] Enola: Solve for Rydberg stage 123/325.
[INFO] Enola: Solve for Rydberg stage 124/325.
[INFO] Enola: Solve for Rydberg stage 125/325.
[INFO] Enola: Solve for Rydberg stage 126/325.
[INFO] Enola: Solve for Rydberg stage 127/325.
[INFO] Enola: Solve for Rydberg stage 128/325.
[INFO] Enola: Solve for Rydberg stage 129/325.
[INFO] Enola: Solve for Rydberg stage 130/325.
[INFO] Enola: Solve for Rydberg stage 131/325.
[INFO] Enola: Solve for Rydberg stage 132/325.
[INFO] Enola: Solve for Rydberg stage 133/325.
[INFO] Enola: Solve for Rydberg stage 134/325.
[INFO] Enola: Solve for Rydberg stage 135/325.
[INFO] Enola: Solve for Rydberg stage 136/325.
[INFO] Enola: Solve for Rydberg stage 137/325.
[INFO] Enola: Solve for Rydberg stage 138/325.
[INFO] Enola: Solve for Rydberg stage 139/325.
[INFO] Enola: Solve for Rydberg stage 140/325.
[INFO] Enola: Solve for Rydberg stage 141/325.
[INFO] Enola: Solve for Rydberg stage 142/325.
[INFO] Enola: Solve for Rydberg stage 143/325.
[INFO] Enola: Solve for Rydberg stage 144/325.
[INFO] Enola: Solve for Rydberg stage 145/325.
[INFO] Enola: Solve for Rydberg stage 146/325.
[INFO] Enola: Solve for Rydberg stage 147/325.
[INFO] Enola: Solve for Rydberg stage 148/325.
[INFO] Enola: Solve for Rydberg stage 149/325.
[INFO] Enola: Solve for Rydberg stage 150/325.
[INFO] Enola: Solve for Rydberg stage 151/325.
[INFO] Enola: Solve for Rydberg stage 152/325.
[INFO] Enola: Solve for Rydberg stage 153/325.
[INFO] Enola: Solve for Rydberg stage 154/325.
[INFO] Enola: Solve for Rydberg stage 155/325.
[INFO] Enola: Solve for Rydberg stage 156/325.
[INFO] Enola: Solve for Rydberg stage 157/325.
[INFO] Enola: Solve for Rydberg stage 158/325.
[INFO] Enola: Solve for Rydberg stage 159/325.
[INFO] Enola: Solve for Rydberg stage 160/325.
[INFO] Enola: Solve for Rydberg stage 161/325.
[INFO] Enola: Solve for Rydberg stage 162/325.
[INFO] Enola: Solve for Rydberg stage 163/325.
[INFO] Enola: Solve for Rydberg stage 164/325.
[INFO] Enola: Solve for Rydberg stage 165/325.
[INFO] Enola: Solve for Rydberg stage 166/325.
[INFO] Enola: Solve for Rydberg stage 167/325.
[INFO] Enola: Solve for Rydberg stage 168/325.
[INFO] Enola: Solve for Rydberg stage 169/325.
[INFO] Enola: Solve for Rydberg stage 170/325.
[INFO] Enola: Solve for Rydberg stage 171/325.
[INFO] Enola: Solve for Rydberg stage 172/325.
[INFO] Enola: Solve for Rydberg stage 173/325.
[INFO] Enola: Solve for Rydberg stage 174/325.
[INFO] Enola: Solve for Rydberg stage 175/325.
[INFO] Enola: Solve for Rydberg stage 176/325.
[INFO] Enola: Solve for Rydberg stage 177/325.
[INFO] Enola: Solve for Rydberg stage 178/325.
[INFO] Enola: Solve for Rydberg stage 179/325.
[INFO] Enola: Solve for Rydberg stage 180/325.
[INFO] Enola: Solve for Rydberg stage 181/325.
[INFO] Enola: Solve for Rydberg stage 182/325.
[INFO] Enola: Solve for Rydberg stage 183/325.
[INFO] Enola: Solve for Rydberg stage 184/325.
[INFO] Enola: Solve for Rydberg stage 185/325.
[INFO] Enola: Solve for Rydberg stage 186/325.
[INFO] Enola: Solve for Rydberg stage 187/325.
[INFO] Enola: Solve for Rydberg stage 188/325.
[INFO] Enola: Solve for Rydberg stage 189/325.
[INFO] Enola: Solve for Rydberg stage 190/325.
[INFO] Enola: Solve for Rydberg stage 191/325.
[INFO] Enola: Solve for Rydberg stage 192/325.
[INFO] Enola: Solve for Rydberg stage 193/325.
[INFO] Enola: Solve for Rydberg stage 194/325.
[INFO] Enola: Solve for Rydberg stage 195/325.
[INFO] Enola: Solve for Rydberg stage 196/325.
[INFO] Enola: Solve for Rydberg stage 197/325.
[INFO] Enola: Solve for Rydberg stage 198/325.
[INFO] Enola: Solve for Rydberg stage 199/325.
[INFO] Enola: Solve for Rydberg stage 200/325.
[INFO] Enola: Solve for Rydberg stage 201/325.
[INFO] Enola: Solve for Rydberg stage 202/325.
[INFO] Enola: Solve for Rydberg stage 203/325.
[INFO] Enola: Solve for Rydberg stage 204/325.
[INFO] Enola: Solve for Rydberg stage 205/325.
[INFO] Enola: Solve for Rydberg stage 206/325.
[INFO] Enola: Solve for Rydberg stage 207/325.
[INFO] Enola: Solve for Rydberg stage 208/325.
[INFO] Enola: Solve for Rydberg stage 209/325.
[INFO] Enola: Solve for Rydberg stage 210/325.
[INFO] Enola: Solve for Rydberg stage 211/325.
[INFO] Enola: Solve for Rydberg stage 212/325.
[INFO] Enola: Solve for Rydberg stage 213/325.
[INFO] Enola: Solve for Rydberg stage 214/325.
[INFO] Enola: Solve for Rydberg stage 215/325.
[INFO] Enola: Solve for Rydberg stage 216/325.
[INFO] Enola: Solve for Rydberg stage 217/325.
[INFO] Enola: Solve for Rydberg stage 218/325.
[INFO] Enola: Solve for Rydberg stage 219/325.
[INFO] Enola: Solve for Rydberg stage 220/325.
[INFO] Enola: Solve for Rydberg stage 221/325.
[INFO] Enola: Solve for Rydberg stage 222/325.
[INFO] Enola: Solve for Rydberg stage 223/325.
[INFO] Enola: Solve for Rydberg stage 224/325.
[INFO] Enola: Solve for Rydberg stage 225/325.
[INFO] Enola: Solve for Rydberg stage 226/325.
[INFO] Enola: Solve for Rydberg stage 227/325.
[INFO] Enola: Solve for Rydberg stage 228/325.
[INFO] Enola: Solve for Rydberg stage 229/325.
[INFO] Enola: Solve for Rydberg stage 230/325.
[INFO] Enola: Solve for Rydberg stage 231/325.
[INFO] Enola: Solve for Rydberg stage 232/325.
[INFO] Enola: Solve for Rydberg stage 233/325.
[INFO] Enola: Solve for Rydberg stage 234/325.
[INFO] Enola: Solve for Rydberg stage 235/325.
[INFO] Enola: Solve for Rydberg stage 236/325.
[INFO] Enola: Solve for Rydberg stage 237/325.
[INFO] Enola: Solve for Rydberg stage 238/325.
[INFO] Enola: Solve for Rydberg stage 239/325.
[INFO] Enola: Solve for Rydberg stage 240/325.
[INFO] Enola: Solve for Rydberg stage 241/325.
[INFO] Enola: Solve for Rydberg stage 242/325.
[INFO] Enola: Solve for Rydberg stage 243/325.
[INFO] Enola: Solve for Rydberg stage 244/325.
[INFO] Enola: Solve for Rydberg stage 245/325.
[INFO] Enola: Solve for Rydberg stage 246/325.
[INFO] Enola: Solve for Rydberg stage 247/325.
[INFO] Enola: Solve for Rydberg stage 248/325.
[INFO] Enola: Solve for Rydberg stage 249/325.
[INFO] Enola: Solve for Rydberg stage 250/325.
[INFO] Enola: Solve for Rydberg stage 251/325.
[INFO] Enola: Solve for Rydberg stage 252/325.
[INFO] Enola: Solve for Rydberg stage 253/325.
[INFO] Enola: Solve for Rydberg stage 254/325.
[INFO] Enola: Solve for Rydberg stage 255/325.
[INFO] Enola: Solve for Rydberg stage 256/325.
[INFO] Enola: Solve for Rydberg stage 257/325.
[INFO] Enola: Solve for Rydberg stage 258/325.
[INFO] Enola: Solve for Rydberg stage 259/325.
[INFO] Enola: Solve for Rydberg stage 260/325.
[INFO] Enola: Solve for Rydberg stage 261/325.
[INFO] Enola: Solve for Rydberg stage 262/325.
[INFO] Enola: Solve for Rydberg stage 263/325.
[INFO] Enola: Solve for Rydberg stage 264/325.
[INFO] Enola: Solve for Rydberg stage 265/325.
[INFO] Enola: Solve for Rydberg stage 266/325.
[INFO] Enola: Solve for Rydberg stage 267/325.
[INFO] Enola: Solve for Rydberg stage 268/325.
[INFO] Enola: Solve for Rydberg stage 269/325.
[INFO] Enola: Solve for Rydberg stage 270/325.
[INFO] Enola: Solve for Rydberg stage 271/325.
[INFO] Enola: Solve for Rydberg stage 272/325.
[INFO] Enola: Solve for Rydberg stage 273/325.
[INFO] Enola: Solve for Rydberg stage 274/325.
[INFO] Enola: Solve for Rydberg stage 275/325.
[INFO] Enola: Solve for Rydberg stage 276/325.
[INFO] Enola: Solve for Rydberg stage 277/325.
[INFO] Enola: Solve for Rydberg stage 278/325.
[INFO] Enola: Solve for Rydberg stage 279/325.
[INFO] Enola: Solve for Rydberg stage 280/325.
[INFO] Enola: Solve for Rydberg stage 281/325.
[INFO] Enola: Solve for Rydberg stage 282/325.
[INFO] Enola: Solve for Rydberg stage 283/325.
[INFO] Enola: Solve for Rydberg stage 284/325.
[INFO] Enola: Solve for Rydberg stage 285/325.
[INFO] Enola: Solve for Rydberg stage 286/325.
[INFO] Enola: Solve for Rydberg stage 287/325.
[INFO] Enola: Solve for Rydberg stage 288/325.
[INFO] Enola: Solve for Rydberg stage 289/325.
[INFO] Enola: Solve for Rydberg stage 290/325.
[INFO] Enola: Solve for Rydberg stage 291/325.
[INFO] Enola: Solve for Rydberg stage 292/325.
[INFO] Enola: Solve for Rydberg stage 293/325.
[INFO] Enola: Solve for Rydberg stage 294/325.
[INFO] Enola: Solve for Rydberg stage 295/325.
[INFO] Enola: Solve for Rydberg stage 296/325.
[INFO] Enola: Solve for Rydberg stage 297/325.
[INFO] Enola: Solve for Rydberg stage 298/325.
[INFO] Enola: Solve for Rydberg stage 299/325.
[INFO] Enola: Solve for Rydberg stage 300/325.
[INFO] Enola: Solve for Rydberg stage 301/325.
[INFO] Enola: Solve for Rydberg stage 302/325.
[INFO] Enola: Solve for Rydberg stage 303/325.
[INFO] Enola: Solve for Rydberg stage 304/325.
[INFO] Enola: Solve for Rydberg stage 305/325.
[INFO] Enola: Solve for Rydberg stage 306/325.
[INFO] Enola: Solve for Rydberg stage 307/325.
[INFO] Enola: Solve for Rydberg stage 308/325.
[INFO] Enola: Solve for Rydberg stage 309/325.
[INFO] Enola: Solve for Rydberg stage 310/325.
[INFO] Enola: Solve for Rydberg stage 311/325.
[INFO] Enola: Solve for Rydberg stage 312/325.
[INFO] Enola: Solve for Rydberg stage 313/325.
[INFO] Enola: Solve for Rydberg stage 314/325.
[INFO] Enola: Solve for Rydberg stage 315/325.
[INFO] Enola: Solve for Rydberg stage 316/325.
[INFO] Enola: Solve for Rydberg stage 317/325.
[INFO] Enola: Solve for Rydberg stage 318/325.
[INFO] Enola: Solve for Rydberg stage 319/325.
[INFO] Enola: Solve for Rydberg stage 320/325.
[INFO] Enola: Solve for Rydberg stage 321/325.
[INFO] Enola: Solve for Rydberg stage 322/325.
[INFO] Enola: Solve for Rydberg stage 323/325.
[INFO] Enola: Solve for Rydberg stage 324/325.
[INFO] Enola: Solve for Rydberg stage 325/325.
[INFO] Enola: Solve for Rydberg stage 326/325.
[INFO] Enola: Time for routing: 0.03905653953552246s
[INFO] Enola: Total Time: 9.306561946868896s
Compilation successful.

2026-03-23 11:21:08,972 - BenchmarkManager - INFO - Wrote metrics summary for enola: results/metrics/20260323_112018_arch/enola.json
2026-03-23 11:21:08,972 - BenchmarkManager - INFO - Found 5 QASM benchmark circuits in '/u/halle/heiz/home_at/BachelorProject/benchmarks/uf_fix20_20-100'
2026-03-23 11:21:08,973 - BenchmarkManager - INFO -   - /u/halle/heiz/home_at/BachelorProject/benchmarks/uf_fix20_20-100/uf20-0100.qasm
2026-03-23 11:21:08,975 - BenchmarkManager - INFO -   - /u/halle/heiz/home_at/BachelorProject/benchmarks/uf_fix20_20-100/uf20-020.qasm
2026-03-23 11:21:08,976 - BenchmarkManager - INFO -   - /u/halle/heiz/home_at/BachelorProject/benchmarks/uf_fix20_20-100/uf20-040.qasm
2026-03-23 11:21:08,977 - BenchmarkManager - INFO -   - /u/halle/heiz/home_at/BachelorProject/benchmarks/uf_fix20_20-100/uf20-060.qasm
2026-03-23 11:21:08,979 - BenchmarkManager - INFO -   - /u/halle/heiz/home_at/BachelorProject/benchmarks/uf_fix20_20-100/uf20-080.qasm
2026-03-23 11:21:08,980 - BenchmarkManager - INFO - zac (run 1/1) - Running /u/halle/heiz/home_at/BachelorProject/benchmarks/uf_fix20_20-100/uf20-0100.qasm
2026-03-23 11:21:08,981 - Compiler.zac - INFO - Array width: 313, Array height: 46, AOD columns: 20, AOD rows: 1
2026-03-23 11:21:10,113 - Compiler.zac - INFO - STDOUT:
Compilation successful.

2026-03-23 11:21:10,133 - BenchmarkManager - INFO - zac (run 1/1) - Running /u/halle/heiz/home_at/BachelorProject/benchmarks/uf_fix20_20-100/uf20-020.qasm
2026-03-23 11:21:10,133 - Compiler.zac - INFO - Array width: 313, Array height: 44, AOD columns: 20, AOD rows: 1
2026-03-23 11:21:11,039 - Compiler.zac - INFO - STDOUT:
Compilation successful.

2026-03-23 11:21:11,056 - BenchmarkManager - INFO - zac (run 1/1) - Running /u/halle/heiz/home_at/BachelorProject/benchmarks/uf_fix20_20-100/uf20-040.qasm
2026-03-23 11:21:11,056 - Compiler.zac - INFO - Array width: 313, Array height: 44, AOD columns: 20, AOD rows: 1
2026-03-23 11:21:11,835 - Compiler.zac - INFO - STDOUT:
Compilation successful.

2026-03-23 11:21:11,847 - BenchmarkManager - INFO - zac (run 1/1) - Running /u/halle/heiz/home_at/BachelorProject/benchmarks/uf_fix20_20-100/uf20-060.qasm
2026-03-23 11:21:11,848 - Compiler.zac - INFO - Array width: 313, Array height: 52, AOD columns: 20, AOD rows: 1
2026-03-23 11:21:12,670 - Compiler.zac - INFO - STDOUT:
Compilation successful.

2026-03-23 11:21:12,686 - BenchmarkManager - INFO - zac (run 1/1) - Running /u/halle/heiz/home_at/BachelorProject/benchmarks/uf_fix20_20-100/uf20-080.qasm
2026-03-23 11:21:12,686 - Compiler.zac - INFO - Array width: 313, Array height: 48, AOD columns: 20, AOD rows: 1
2026-03-23 11:21:13,527 - Compiler.zac - INFO - STDOUT:
Compilation successful.

2026-03-23 11:21:13,546 - BenchmarkManager - INFO - Wrote metrics summary for zac: results/metrics/20260323_112018_arch/zac.json
2026-03-23 11:21:13,547 - BenchmarkManager - INFO - Found 5 QASM benchmark circuits in '/u/halle/heiz/home_at/BachelorProject/benchmarks/uf_fix20_20-100'
2026-03-23 11:21:13,548 - BenchmarkManager - INFO -   - /u/halle/heiz/home_at/BachelorProject/benchmarks/uf_fix20_20-100/uf20-0100.qasm
2026-03-23 11:21:13,549 - BenchmarkManager - INFO -   - /u/halle/heiz/home_at/BachelorProject/benchmarks/uf_fix20_20-100/uf20-020.qasm
2026-03-23 11:21:13,551 - BenchmarkManager - INFO -   - /u/halle/heiz/home_at/BachelorProject/benchmarks/uf_fix20_20-100/uf20-040.qasm
2026-03-23 11:21:13,551 - BenchmarkManager - INFO -   - /u/halle/heiz/home_at/BachelorProject/benchmarks/uf_fix20_20-100/uf20-060.qasm
2026-03-23 11:21:13,552 - BenchmarkManager - INFO -   - /u/halle/heiz/home_at/BachelorProject/benchmarks/uf_fix20_20-100/uf20-080.qasm
2026-03-23 11:21:13,553 - BenchmarkManager - INFO - nalac (run 1/1) - Running /u/halle/heiz/home_at/BachelorProject/benchmarks/uf_fix20_20-100/uf20-0100.qasm
2026-03-23 11:21:13,554 - Compiler.nalac - INFO - Array width: 313, Array height: 46, AOD columns: 20, AOD rows: 1
2026-03-23 11:21:14,293 - Compiler.nalac - INFO - STDOUT:
Compilation successful.

2026-03-23 11:21:14,308 - BenchmarkManager - INFO - nalac (run 1/1) - Running /u/halle/heiz/home_at/BachelorProject/benchmarks/uf_fix20_20-100/uf20-020.qasm
2026-03-23 11:21:14,308 - Compiler.nalac - INFO - Array width: 313, Array height: 44, AOD columns: 20, AOD rows: 1
2026-03-23 11:21:15,069 - Compiler.nalac - INFO - STDOUT:
Compilation successful.

2026-03-23 11:21:15,083 - BenchmarkManager - INFO - nalac (run 1/1) - Running /u/halle/heiz/home_at/BachelorProject/benchmarks/uf_fix20_20-100/uf20-040.qasm
2026-03-23 11:21:15,083 - Compiler.nalac - INFO - Array width: 313, Array height: 44, AOD columns: 20, AOD rows: 1
2026-03-23 11:21:15,882 - Compiler.nalac - INFO - STDOUT:
Compilation successful.

2026-03-23 11:21:15,896 - BenchmarkManager - INFO - nalac (run 1/1) - Running /u/halle/heiz/home_at/BachelorProject/benchmarks/uf_fix20_20-100/uf20-060.qasm
2026-03-23 11:21:15,896 - Compiler.nalac - INFO - Array width: 313, Array height: 52, AOD columns: 20, AOD rows: 1
2026-03-23 11:21:16,660 - Compiler.nalac - INFO - STDOUT:
Compilation successful.

2026-03-23 11:21:16,673 - BenchmarkManager - INFO - nalac (run 1/1) - Running /u/halle/heiz/home_at/BachelorProject/benchmarks/uf_fix20_20-100/uf20-080.qasm
2026-03-23 11:21:16,673 - Compiler.nalac - INFO - Array width: 313, Array height: 48, AOD columns: 20, AOD rows: 1
2026-03-23 11:21:17,434 - Compiler.nalac - INFO - STDOUT:
Compilation successful.

2026-03-23 11:21:17,448 - BenchmarkManager - INFO - Wrote metrics summary for nalac: results/metrics/20260323_112018_arch/nalac.json
