2026-03-23 10:14:48,269 - BenchmarkManager - INFO - Initializing 4 compilers...
2026-03-23 10:14:48,270 - BenchmarkManager - INFO - Output directory for weaver: results/circuits/weaver
2026-03-23 10:14:48,270 - BenchmarkManager - INFO - Output directory for enola: results/circuits/enola
2026-03-23 10:14:48,271 - BenchmarkManager - INFO - Output directory for zac: results/circuits/zac
2026-03-23 10:14:48,273 - BenchmarkManager - INFO - Output directory for nalac: results/circuits/nalac
2026-03-23 10:14:48,274 - BenchmarkManager - INFO - Starting benchmark execution ...
2026-03-23 10:14:48,276 - BenchmarkManager - INFO - Found 5 CNF benchmark circuits in '/u/halle/heiz/home_at/BachelorProject/benchmarks/uf_50-250_fix25'
2026-03-23 10:14:48,276 - BenchmarkManager - INFO -   - /u/halle/heiz/home_at/BachelorProject/benchmarks/uf_50-250_fix25/uf100-025.cnf
2026-03-23 10:14:48,277 - BenchmarkManager - INFO -   - /u/halle/heiz/home_at/BachelorProject/benchmarks/uf_50-250_fix25/uf150-025.cnf
2026-03-23 10:14:48,278 - BenchmarkManager - INFO -   - /u/halle/heiz/home_at/BachelorProject/benchmarks/uf_50-250_fix25/uf200-025.cnf
2026-03-23 10:14:48,279 - BenchmarkManager - INFO -   - /u/halle/heiz/home_at/BachelorProject/benchmarks/uf_50-250_fix25/uf250-025.cnf
2026-03-23 10:14:48,280 - BenchmarkManager - INFO -   - /u/halle/heiz/home_at/BachelorProject/benchmarks/uf_50-250_fix25/uf50-025.cnf
2026-03-23 10:14:48,281 - BenchmarkManager - INFO - weaver (run 1/1) - Running /u/halle/heiz/home_at/BachelorProject/benchmarks/uf_50-250_fix25/uf100-025.cnf
2026-03-23 10:14:50,337 - Compiler.weaver - INFO - STDOUT:
num_colors: 24, num_slm_rows: 50, num_slm_cols: 1490, num_aod_rows: 1, num_aod_cols: 100
Compilation successful.

2026-03-23 10:14:50,535 - BenchmarkManager - INFO - weaver (run 1/1) - Running /u/halle/heiz/home_at/BachelorProject/benchmarks/uf_50-250_fix25/uf150-025.cnf
2026-03-23 10:14:53,028 - Compiler.weaver - INFO - STDOUT:
num_colors: 25, num_slm_rows: 52, num_slm_cols: 2235, num_aod_rows: 1, num_aod_cols: 150
Compilation successful.

2026-03-23 10:14:53,284 - BenchmarkManager - INFO - weaver (run 1/1) - Running /u/halle/heiz/home_at/BachelorProject/benchmarks/uf_50-250_fix25/uf200-025.cnf
2026-03-23 10:14:58,209 - Compiler.weaver - INFO - STDOUT:
num_colors: 26, num_slm_rows: 54, num_slm_cols: 2980, num_aod_rows: 1, num_aod_cols: 200
Compilation successful.

2026-03-23 10:14:58,778 - BenchmarkManager - INFO - weaver (run 1/1) - Running /u/halle/heiz/home_at/BachelorProject/benchmarks/uf_50-250_fix25/uf250-025.cnf
2026-03-23 10:15:05,514 - Compiler.weaver - INFO - STDOUT:
num_colors: 22, num_slm_rows: 46, num_slm_cols: 3695, num_aod_rows: 1, num_aod_cols: 250
Compilation successful.

2026-03-23 10:15:06,348 - BenchmarkManager - INFO - weaver (run 1/1) - Running /u/halle/heiz/home_at/BachelorProject/benchmarks/uf_50-250_fix25/uf50-025.cnf
2026-03-23 10:15:07,425 - Compiler.weaver - INFO - STDOUT:
num_colors: 23, num_slm_rows: 48, num_slm_cols: 754, num_aod_rows: 1, num_aod_cols: 50
Compilation successful.

2026-03-23 10:15:07,513 - BenchmarkManager - INFO - Wrote metrics summary for weaver: results/metrics/20260323_101448_arch/weaver.json
2026-03-23 10:15:07,514 - BenchmarkManager - INFO - Found 5 QASM benchmark circuits in '/u/halle/heiz/home_at/BachelorProject/benchmarks/uf_50-250_fix25'
2026-03-23 10:15:07,514 - BenchmarkManager - INFO -   - /u/halle/heiz/home_at/BachelorProject/benchmarks/uf_50-250_fix25/uf100-025.qasm
2026-03-23 10:15:07,515 - BenchmarkManager - INFO -   - /u/halle/heiz/home_at/BachelorProject/benchmarks/uf_50-250_fix25/uf150-025.qasm
2026-03-23 10:15:07,516 - BenchmarkManager - INFO -   - /u/halle/heiz/home_at/BachelorProject/benchmarks/uf_50-250_fix25/uf200-025.qasm
2026-03-23 10:15:07,517 - BenchmarkManager - INFO -   - /u/halle/heiz/home_at/BachelorProject/benchmarks/uf_50-250_fix25/uf250-025.qasm
2026-03-23 10:15:07,518 - BenchmarkManager - INFO -   - /u/halle/heiz/home_at/BachelorProject/benchmarks/uf_50-250_fix25/uf50-025.qasm
2026-03-23 10:15:07,519 - BenchmarkManager - INFO - enola (run 1/1) - Running /u/halle/heiz/home_at/BachelorProject/benchmarks/uf_50-250_fix25/uf100-025.qasm
2026-03-23 10:15:07,520 - Compiler.enola - INFO - Array width: 1490, Array height: 50, AOD columns: 100, AOD rows: 1
