2026-03-23 10:02:58,185 - BenchmarkManager - INFO - Initializing 1 compilers...
2026-03-23 10:02:58,185 - BenchmarkManager - INFO - Output directory for weaver: results/circuits/weaver
2026-03-23 10:02:58,186 - BenchmarkManager - INFO - Starting benchmark execution ...
2026-03-23 10:02:58,188 - BenchmarkManager - INFO - Found 5 CNF benchmark circuits in '/u/halle/heiz/home_at/BachelorProject/benchmarks/uf_50-250_fix25'
2026-03-23 10:02:58,188 - BenchmarkManager - INFO -   - /u/halle/heiz/home_at/BachelorProject/benchmarks/uf_50-250_fix25/uf100-025.cnf
2026-03-23 10:02:58,189 - BenchmarkManager - INFO -   - /u/halle/heiz/home_at/BachelorProject/benchmarks/uf_50-250_fix25/uf150-025.cnf
2026-03-23 10:02:58,190 - BenchmarkManager - INFO -   - /u/halle/heiz/home_at/BachelorProject/benchmarks/uf_50-250_fix25/uf200-025.cnf
2026-03-23 10:02:58,191 - BenchmarkManager - INFO -   - /u/halle/heiz/home_at/BachelorProject/benchmarks/uf_50-250_fix25/uf250-025.cnf
2026-03-23 10:02:58,192 - BenchmarkManager - INFO -   - /u/halle/heiz/home_at/BachelorProject/benchmarks/uf_50-250_fix25/uf50-025.cnf
2026-03-23 10:02:58,193 - BenchmarkManager - INFO - weaver (run 1/1) - Running /u/halle/heiz/home_at/BachelorProject/benchmarks/uf_50-250_fix25/uf100-025.cnf
2026-03-23 10:03:00,209 - Compiler.weaver - INFO - STDOUT:
num_colors: 24, num_slm_rows: 50, num_slm_cols: 1490, num_aod_rows: 1, num_aod_cols: 100
Compilation successful.

2026-03-23 10:03:00,421 - BenchmarkManager - INFO - weaver (run 1/1) - Running /u/halle/heiz/home_at/BachelorProject/benchmarks/uf_50-250_fix25/uf150-025.cnf
2026-03-23 10:03:04,089 - Compiler.weaver - INFO - STDOUT:
num_colors: 25, num_slm_rows: 52, num_slm_cols: 2235, num_aod_rows: 1, num_aod_cols: 150
Compilation successful.

2026-03-23 10:03:04,481 - BenchmarkManager - INFO - weaver (run 1/1) - Running /u/halle/heiz/home_at/BachelorProject/benchmarks/uf_50-250_fix25/uf200-025.cnf
2026-03-23 10:03:08,562 - Compiler.weaver - INFO - STDOUT:
num_colors: 26, num_slm_rows: 54, num_slm_cols: 2980, num_aod_rows: 1, num_aod_cols: 200
Compilation successful.

2026-03-23 10:03:09,165 - BenchmarkManager - INFO - weaver (run 1/1) - Running /u/halle/heiz/home_at/BachelorProject/benchmarks/uf_50-250_fix25/uf250-025.cnf
2026-03-23 10:03:17,164 - Compiler.weaver - INFO - STDOUT:
num_colors: 22, num_slm_rows: 46, num_slm_cols: 3695, num_aod_rows: 1, num_aod_cols: 250
Compilation successful.

2026-03-23 10:03:17,972 - BenchmarkManager - INFO - weaver (run 1/1) - Running /u/halle/heiz/home_at/BachelorProject/benchmarks/uf_50-250_fix25/uf50-025.cnf
2026-03-23 10:03:19,102 - Compiler.weaver - INFO - STDOUT:
num_colors: 23, num_slm_rows: 48, num_slm_cols: 754, num_aod_rows: 1, num_aod_cols: 50
Compilation successful.

2026-03-23 10:03:19,185 - BenchmarkManager - INFO - Wrote metrics summary for weaver: results/metrics/20260323_100258_arch/weaver.json
