2026-03-23 11:13:07,715 - BenchmarkManager - INFO - Initializing 1 compilers...
2026-03-23 11:13:07,716 - BenchmarkManager - INFO - Output directory for weaver: results/circuits/weaver
2026-03-23 11:13:07,716 - BenchmarkManager - INFO - Starting benchmark execution ...
2026-03-23 11:13:07,719 - BenchmarkManager - INFO - Found 10 CNF benchmark circuits in '/u/halle/heiz/home_at/BachelorProject/benchmarks/uf_fix20_10-100'
2026-03-23 11:13:07,719 - BenchmarkManager - INFO -   - /u/halle/heiz/home_at/BachelorProject/benchmarks/uf_fix20_10-100/uf20-010.cnf
2026-03-23 11:13:07,719 - BenchmarkManager - INFO -   - /u/halle/heiz/home_at/BachelorProject/benchmarks/uf_fix20_10-100/uf20-0100.cnf
2026-03-23 11:13:07,720 - BenchmarkManager - INFO -   - /u/halle/heiz/home_at/BachelorProject/benchmarks/uf_fix20_10-100/uf20-020.cnf
2026-03-23 11:13:07,720 - BenchmarkManager - INFO -   - /u/halle/heiz/home_at/BachelorProject/benchmarks/uf_fix20_10-100/uf20-030.cnf
2026-03-23 11:13:07,721 - BenchmarkManager - INFO -   - /u/halle/heiz/home_at/BachelorProject/benchmarks/uf_fix20_10-100/uf20-040.cnf
2026-03-23 11:13:07,723 - BenchmarkManager - INFO -   - /u/halle/heiz/home_at/BachelorProject/benchmarks/uf_fix20_10-100/uf20-050.cnf
2026-03-23 11:13:07,724 - BenchmarkManager - INFO -   - /u/halle/heiz/home_at/BachelorProject/benchmarks/uf_fix20_10-100/uf20-060.cnf
2026-03-23 11:13:07,725 - BenchmarkManager - INFO -   - /u/halle/heiz/home_at/BachelorProject/benchmarks/uf_fix20_10-100/uf20-070.cnf
2026-03-23 11:13:07,726 - BenchmarkManager - INFO -   - /u/halle/heiz/home_at/BachelorProject/benchmarks/uf_fix20_10-100/uf20-080.cnf
2026-03-23 11:13:07,726 - BenchmarkManager - INFO -   - /u/halle/heiz/home_at/BachelorProject/benchmarks/uf_fix20_10-100/uf20-090.cnf
2026-03-23 11:13:07,728 - BenchmarkManager - INFO - weaver (run 1/1) - Running /u/halle/heiz/home_at/BachelorProject/benchmarks/uf_fix20_10-100/uf20-010.cnf
2026-03-23 11:13:08,555 - Compiler.weaver - INFO - STDOUT:
num_colors: 20, num_slm_rows: 42, num_slm_cols: 313, num_aod_rows: 1, num_aod_cols: 20
Compilation successful.

2026-03-23 11:13:08,580 - BenchmarkManager - INFO - weaver (run 1/1) - Running /u/halle/heiz/home_at/BachelorProject/benchmarks/uf_fix20_10-100/uf20-0100.cnf
2026-03-23 11:13:09,454 - Compiler.weaver - INFO - STDOUT:
num_colors: 22, num_slm_rows: 46, num_slm_cols: 313, num_aod_rows: 1, num_aod_cols: 20
Compilation successful.

2026-03-23 11:13:09,480 - BenchmarkManager - INFO - weaver (run 1/1) - Running /u/halle/heiz/home_at/BachelorProject/benchmarks/uf_fix20_10-100/uf20-020.cnf
2026-03-23 11:13:10,312 - Compiler.weaver - INFO - STDOUT:
num_colors: 21, num_slm_rows: 44, num_slm_cols: 313, num_aod_rows: 1, num_aod_cols: 20
Compilation successful.

2026-03-23 11:13:10,336 - BenchmarkManager - INFO - weaver (run 1/1) - Running /u/halle/heiz/home_at/BachelorProject/benchmarks/uf_fix20_10-100/uf20-030.cnf
2026-03-23 11:13:11,172 - Compiler.weaver - INFO - STDOUT:
num_colors: 22, num_slm_rows: 46, num_slm_cols: 313, num_aod_rows: 1, num_aod_cols: 20
Compilation successful.

2026-03-23 11:13:11,197 - BenchmarkManager - INFO - weaver (run 1/1) - Running /u/halle/heiz/home_at/BachelorProject/benchmarks/uf_fix20_10-100/uf20-040.cnf
2026-03-23 11:13:12,031 - Compiler.weaver - INFO - STDOUT:
num_colors: 21, num_slm_rows: 44, num_slm_cols: 313, num_aod_rows: 1, num_aod_cols: 20
Compilation successful.

2026-03-23 11:13:12,055 - BenchmarkManager - INFO - weaver (run 1/1) - Running /u/halle/heiz/home_at/BachelorProject/benchmarks/uf_fix20_10-100/uf20-050.cnf
2026-03-23 11:13:12,877 - Compiler.weaver - INFO - STDOUT:
num_colors: 22, num_slm_rows: 46, num_slm_cols: 313, num_aod_rows: 1, num_aod_cols: 20
Compilation successful.

2026-03-23 11:13:12,900 - BenchmarkManager - INFO - weaver (run 1/1) - Running /u/halle/heiz/home_at/BachelorProject/benchmarks/uf_fix20_10-100/uf20-060.cnf
2026-03-23 11:13:13,652 - Compiler.weaver - INFO - STDOUT:
num_colors: 25, num_slm_rows: 52, num_slm_cols: 313, num_aod_rows: 1, num_aod_cols: 20
Compilation successful.

2026-03-23 11:13:13,676 - BenchmarkManager - INFO - weaver (run 1/1) - Running /u/halle/heiz/home_at/BachelorProject/benchmarks/uf_fix20_10-100/uf20-070.cnf
2026-03-23 11:13:14,388 - Compiler.weaver - INFO - STDOUT:
num_colors: 22, num_slm_rows: 46, num_slm_cols: 313, num_aod_rows: 1, num_aod_cols: 20
Compilation successful.

2026-03-23 11:13:14,413 - BenchmarkManager - INFO - weaver (run 1/1) - Running /u/halle/heiz/home_at/BachelorProject/benchmarks/uf_fix20_10-100/uf20-080.cnf
2026-03-23 11:13:15,223 - Compiler.weaver - INFO - STDOUT:
num_colors: 23, num_slm_rows: 48, num_slm_cols: 313, num_aod_rows: 1, num_aod_cols: 20
Compilation successful.

2026-03-23 11:13:15,249 - BenchmarkManager - INFO - weaver (run 1/1) - Running /u/halle/heiz/home_at/BachelorProject/benchmarks/uf_fix20_10-100/uf20-090.cnf
2026-03-23 11:13:16,040 - Compiler.weaver - INFO - STDOUT:
num_colors: 22, num_slm_rows: 46, num_slm_cols: 313, num_aod_rows: 1, num_aod_cols: 20
Compilation successful.

2026-03-23 11:13:16,070 - BenchmarkManager - INFO - Wrote metrics summary for weaver: results/metrics/20260323_111307_arch/weaver.json
