2026-03-23 11:55:33,691 - BenchmarkManager - INFO - Initializing 4 compilers...
2026-03-23 11:55:33,692 - BenchmarkManager - INFO - Output directory for weaver: results/circuits/weaver
2026-03-23 11:55:33,692 - BenchmarkManager - INFO - Output directory for enola: results/circuits/enola
2026-03-23 11:55:33,693 - BenchmarkManager - INFO - Output directory for zac: results/circuits/zac
2026-03-23 11:55:33,694 - BenchmarkManager - INFO - Output directory for nalac: results/circuits/nalac
2026-03-23 11:55:33,695 - BenchmarkManager - INFO - Starting benchmark execution ...
2026-03-23 11:55:33,698 - BenchmarkManager - INFO - Found 5 CNF benchmark circuits in '/u/halle/heiz/home_at/BachelorProject/benchmarks/uf_fix50_20-100'
2026-03-23 11:55:33,698 - BenchmarkManager - INFO -   - /u/halle/heiz/home_at/BachelorProject/benchmarks/uf_fix50_20-100/uf50-0100.cnf
2026-03-23 11:55:33,699 - BenchmarkManager - INFO -   - /u/halle/heiz/home_at/BachelorProject/benchmarks/uf_fix50_20-100/uf50-020.cnf
2026-03-23 11:55:33,700 - BenchmarkManager - INFO -   - /u/halle/heiz/home_at/BachelorProject/benchmarks/uf_fix50_20-100/uf50-040.cnf
2026-03-23 11:55:33,701 - BenchmarkManager - INFO -   - /u/halle/heiz/home_at/BachelorProject/benchmarks/uf_fix50_20-100/uf50-060.cnf
2026-03-23 11:55:33,701 - BenchmarkManager - INFO -   - /u/halle/heiz/home_at/BachelorProject/benchmarks/uf_fix50_20-100/uf50-080.cnf
2026-03-23 11:55:33,701 - BenchmarkManager - INFO - weaver (run 1/1) - Running /u/halle/heiz/home_at/BachelorProject/benchmarks/uf_fix50_20-100/uf50-0100.cnf
2026-03-23 11:55:34,891 - Compiler.weaver - INFO - STDOUT:
num_colors: 23, num_slm_rows: 48, num_slm_cols: 754, num_aod_rows: 1, num_aod_cols: 50
Compilation successful.

2026-03-23 11:55:34,976 - BenchmarkManager - INFO - weaver (run 1/1) - Running /u/halle/heiz/home_at/BachelorProject/benchmarks/uf_fix50_20-100/uf50-020.cnf
2026-03-23 11:55:36,068 - Compiler.weaver - INFO - STDOUT:
num_colors: 21, num_slm_rows: 44, num_slm_cols: 754, num_aod_rows: 1, num_aod_cols: 50
Compilation successful.

2026-03-23 11:55:36,118 - BenchmarkManager - INFO - weaver (run 1/1) - Running /u/halle/heiz/home_at/BachelorProject/benchmarks/uf_fix50_20-100/uf50-040.cnf
2026-03-23 11:55:37,179 - Compiler.weaver - INFO - STDOUT:
num_colors: 21, num_slm_rows: 44, num_slm_cols: 754, num_aod_rows: 1, num_aod_cols: 50
Compilation successful.

2026-03-23 11:55:37,250 - BenchmarkManager - INFO - weaver (run 1/1) - Running /u/halle/heiz/home_at/BachelorProject/benchmarks/uf_fix50_20-100/uf50-060.cnf
2026-03-23 11:55:38,231 - Compiler.weaver - INFO - STDOUT:
num_colors: 29, num_slm_rows: 60, num_slm_cols: 754, num_aod_rows: 1, num_aod_cols: 50
Compilation successful.

2026-03-23 11:55:38,311 - BenchmarkManager - INFO - weaver (run 1/1) - Running /u/halle/heiz/home_at/BachelorProject/benchmarks/uf_fix50_20-100/uf50-080.cnf
2026-03-23 11:55:39,250 - Compiler.weaver - INFO - STDOUT:
num_colors: 22, num_slm_rows: 46, num_slm_cols: 754, num_aod_rows: 1, num_aod_cols: 50
Compilation successful.

2026-03-23 11:55:39,333 - BenchmarkManager - INFO - Wrote metrics summary for weaver: results/metrics/20260323_115533_arch/weaver.json
2026-03-23 11:55:39,334 - BenchmarkManager - INFO - Found 5 QASM benchmark circuits in '/u/halle/heiz/home_at/BachelorProject/benchmarks/uf_fix50_20-100'
2026-03-23 11:55:39,334 - BenchmarkManager - INFO -   - /u/halle/heiz/home_at/BachelorProject/benchmarks/uf_fix50_20-100/uf50-0100.qasm
2026-03-23 11:55:39,334 - BenchmarkManager - INFO -   - /u/halle/heiz/home_at/BachelorProject/benchmarks/uf_fix50_20-100/uf50-020.qasm
2026-03-23 11:55:39,335 - BenchmarkManager - INFO -   - /u/halle/heiz/home_at/BachelorProject/benchmarks/uf_fix50_20-100/uf50-040.qasm
2026-03-23 11:55:39,337 - BenchmarkManager - INFO -   - /u/halle/heiz/home_at/BachelorProject/benchmarks/uf_fix50_20-100/uf50-060.qasm
2026-03-23 11:55:39,338 - BenchmarkManager - INFO -   - /u/halle/heiz/home_at/BachelorProject/benchmarks/uf_fix50_20-100/uf50-080.qasm
2026-03-23 11:55:39,339 - BenchmarkManager - INFO - enola (run 1/1) - Running /u/halle/heiz/home_at/BachelorProject/benchmarks/uf_fix50_20-100/uf50-0100.qasm
2026-03-23 11:55:39,340 - Compiler.enola - INFO - Array width: 754, Array height: 48, AOD columns: 50, AOD rows: 1
